
TypeError: pokemon.runStatusImmunity(...) is not a function
    at Battle.onSwitchIn (C:\Users\Swanton\Downloads\Pokemon-Showdown\data\mods\prism\moves.js:794:43)
    at Battle.runEvent (C:\Users\Swanton\Downloads\Pokemon-Showdown\.sim-dist\battle.js:689:34)
    at Battle.runAction (C:\Users\Swanton\Downloads\Pokemon-Showdown\.sim-dist\battle.js:2617:9)
    at Battle.go (C:\Users\Swanton\Downloads\Pokemon-Showdown\.sim-dist\battle.js:2740:9)
    at Battle.commitDecisions (C:\Users\Swanton\Downloads\Pokemon-Showdown\.sim-dist\battle.js:2818:8)
    at Battle.choose (C:\Users\Swanton\Downloads\Pokemon-Showdown\.sim-dist\battle.js:2775:35)
    at RoomBattleStream._writeLine (C:\Users\Swanton\Downloads\Pokemon-Showdown\.sim-dist\battle-stream.js:95:17)
    at RoomBattleStream._writeLine (C:\Users\Swanton\Downloads\Pokemon-Showdown\server\room-battle.js:1138:18)
    at RoomBattleStream._writeLines (C:\Users\Swanton\Downloads\Pokemon-Showdown\.sim-dist\battle-stream.js:67:10)
    at RoomBattleStream._write (C:\Users\Swanton\Downloads\Pokemon-Showdown\server\room-battle.js:1072:9)

Additional information:
  chunk = >p2 switch 2
  inputLog = 
>version 857794c514f34340a5e5b0c70a9bf2893cd1786a
>start {"formatid":"gen5prism","seed":[39906,26862,44743,39966]}
>player p1 {"name":"Petuh_Alt","avatar":"266","team":"Varaneous|||naljofury|lavapool||,4,,,,|||||]Alakazam||||psybeam||,,,4,,||,0,,,,|||"}
>player p2 {"name":"Petuuuhhh","avatar":"101","team":"Varaneous|||naljofury|lavapool||,4,,,,|||||]Alakazam||||psybeam||,,,4,,||,0,,,,|||"}
>p1 move lavapool
>p2 move lavapool
>p1 switch 2
>p2 switch 2
  log = 
|player|p1|Petuh_Alt|266
|player|p2|Petuuuhhh|101
|teamsize|p1|2
|teamsize|p2|2
|gametype|singles
|gen|5
|tier|[Gen 5] Prism
|rule|Sleep Clause Mod: Limit one foe put to sleep
|rule|Species Clause: Limit one of each Pokémon
|rule|OHKO Clause: OHKO moves are banned
|rule|Moody Clause: Moody is banned
|rule|Evasion Moves Clause: Evasion moves are banned
|rule|Endless Battle Clause: Forcing endless battles is banned
|rule|HP Percentage Mod: HP is shown in percentages
|rule|Evasion Abilities Clause: Evasion abilities are banned
|
|start
|switch|p1a: Varaneous|Varaneous, M|341/341
|switch|p2a: Varaneous|Varaneous, F|341/341
|turn|1
|
|move|p1a: Varaneous|Lava Pool|p2a: Varaneous
|-sidestart|p2: Petuuuhhh|move: Lava Pool
|move|p2a: Varaneous|Lava Pool|p1a: Varaneous
|-sidestart|p1: Petuh_Alt|move: Lava Pool
|
|upkeep
|turn|2
|
|switch|p2a: Alakazam|Alakazam, M|251/251


Error [ERR_IPC_DISCONNECTED]: IPC channel is already disconnected
    at ChildProcess.target.disconnect (internal/child_process.js:776:26)
    at StreamProcessWrapper.destroy (C:\Users\Swanton\Downloads\Pokemon-Showdown\.lib-dist\process-manager.js:214:16)
    at ChildProcess.StreamProcessWrapper.process.on (C:\Users\Swanton\Downloads\Pokemon-Showdown\.lib-dist\process-manager.js:175:9)
    at ChildProcess.emit (events.js:189:13)
    at ChildProcess.EventEmitter.emit (domain.js:441:20)
    at finish (internal/child_process.js:805:14)
    at process._tickCallback (internal/process/next_tick.js:61:11)

Error [ERR_IPC_DISCONNECTED]: IPC channel is already disconnected
    at ChildProcess.target.disconnect (internal/child_process.js:776:26)
    at QueryProcessWrapper.destroy (C:\Users\Swanton\Downloads\Pokemon-Showdown\.lib-dist\process-manager.js:111:16)
    at ChildProcess.QueryProcessWrapper.process.on (C:\Users\Swanton\Downloads\Pokemon-Showdown\.lib-dist\process-manager.js:77:9)
    at ChildProcess.emit (events.js:189:13)
    at ChildProcess.EventEmitter.emit (domain.js:441:20)
    at finish (internal/child_process.js:805:14)
    at process._tickCallback (internal/process/next_tick.js:61:11)

Error [ERR_IPC_DISCONNECTED]: IPC channel is already disconnected
    at ChildProcess.target.disconnect (internal/child_process.js:776:26)
    at QueryProcessWrapper.destroy (C:\Users\Swanton\Downloads\Pokemon-Showdown\.lib-dist\process-manager.js:111:16)
    at ChildProcess.QueryProcessWrapper.process.on (C:\Users\Swanton\Downloads\Pokemon-Showdown\.lib-dist\process-manager.js:77:9)
    at ChildProcess.emit (events.js:189:13)
    at ChildProcess.EventEmitter.emit (domain.js:441:20)
    at finish (internal/child_process.js:805:14)
    at process._tickCallback (internal/process/next_tick.js:61:11)

Error [ERR_IPC_DISCONNECTED]: IPC channel is already disconnected
    at ChildProcess.target.disconnect (internal/child_process.js:776:26)
    at QueryProcessWrapper.destroy (C:\Users\Swanton\Downloads\Pokemon-Showdown\.lib-dist\process-manager.js:111:16)
    at ChildProcess.QueryProcessWrapper.process.on (C:\Users\Swanton\Downloads\Pokemon-Showdown\.lib-dist\process-manager.js:77:9)
    at ChildProcess.emit (events.js:189:13)
    at ChildProcess.EventEmitter.emit (domain.js:441:20)
    at finish (internal/child_process.js:805:14)
    at process._tickCallback (internal/process/next_tick.js:61:11)

C:\Users\Swanton\Downloads\Pokemon-Showdown\data\mods\prism\moves.js:1824
};
 ^

SyntaxError: Unexpected token ;
    at new Script (vm.js:80:7)
    at createScript (vm.js:274:10)
    at Object.runInThisContext (vm.js:326:10)
    at Module._compile (internal/modules/cjs/loader.js:664:28)
    at Object.Module._extensions..js (internal/modules/cjs/loader.js:712:10)
    at Module.load (internal/modules/cjs/loader.js:600:32)
    at tryModuleLoad (internal/modules/cjs/loader.js:539:12)
    at Function.Module._load (internal/modules/cjs/loader.js:531:3)
    at Module.require (internal/modules/cjs/loader.js:637:17)
    at require (internal/modules/cjs/helpers.js:22:18)

Additional information:
  user = Petuh_Alt
  room = battle-gen5prism-10
  pmTarget = undefined
  message = /dt boil


C:\Users\Swanton\Downloads\Pokemon-Showdown\data\mods\prism\moves.js:1824
};
 ^

SyntaxError: Unexpected token ;
    at new Script (vm.js:80:7)
    at createScript (vm.js:274:10)
    at Object.runInThisContext (vm.js:326:10)
    at Module._compile (internal/modules/cjs/loader.js:664:28)
    at Object.Module._extensions..js (internal/modules/cjs/loader.js:712:10)
    at Module.load (internal/modules/cjs/loader.js:600:32)
    at tryModuleLoad (internal/modules/cjs/loader.js:539:12)
    at Function.Module._load (internal/modules/cjs/loader.js:531:3)
    at Module.require (internal/modules/cjs/loader.js:637:17)
    at require (internal/modules/cjs/helpers.js:22:18)

Additional information:
  user = Petuuuhhh
  room = battle-gen5prism-10
  pmTarget = undefined
  message = /dt boil


C:\Users\Swanton\Downloads\Pokemon-Showdown\data\mods\prism\moves.js:1823
};
 ^

SyntaxError: Unexpected token ;
    at new Script (vm.js:80:7)
    at createScript (vm.js:274:10)
    at Object.runInThisContext (vm.js:326:10)
    at Module._compile (internal/modules/cjs/loader.js:664:28)
    at Object.Module._extensions..js (internal/modules/cjs/loader.js:712:10)
    at Module.load (internal/modules/cjs/loader.js:600:32)
    at tryModuleLoad (internal/modules/cjs/loader.js:539:12)
    at Function.Module._load (internal/modules/cjs/loader.js:531:3)
    at Module.require (internal/modules/cjs/loader.js:637:17)
    at require (internal/modules/cjs/helpers.js:22:18)

Additional information:
  user = Petuh_Alt
  room = battle-gen5prism-10
  pmTarget = undefined
  message = /dt boil


C:\Users\Swanton\Downloads\Pokemon-Showdown\data\mods\prism\moves.js:1821
};
 ^

SyntaxError: Unexpected token ;
    at new Script (vm.js:80:7)
    at createScript (vm.js:274:10)
    at Object.runInThisContext (vm.js:326:10)
    at Module._compile (internal/modules/cjs/loader.js:664:28)
    at Object.Module._extensions..js (internal/modules/cjs/loader.js:712:10)
    at Module.load (internal/modules/cjs/loader.js:600:32)
    at tryModuleLoad (internal/modules/cjs/loader.js:539:12)
    at Function.Module._load (internal/modules/cjs/loader.js:531:3)
    at Module.require (internal/modules/cjs/loader.js:637:17)
    at require (internal/modules/cjs/helpers.js:22:18)

Additional information:
  user = Petuuuhhh
  room = battle-gen5prism-10
  pmTarget = undefined
  message = /dt boil


C:\Users\Swanton\Downloads\Pokemon-Showdown\data\mods\prism\moves.js:1820
};
 ^

SyntaxError: Unexpected token ;
    at new Script (vm.js:80:7)
    at createScript (vm.js:274:10)
    at Object.runInThisContext (vm.js:326:10)
    at Module._compile (internal/modules/cjs/loader.js:664:28)
    at Object.Module._extensions..js (internal/modules/cjs/loader.js:712:10)
    at Module.load (internal/modules/cjs/loader.js:600:32)
    at tryModuleLoad (internal/modules/cjs/loader.js:539:12)
    at Function.Module._load (internal/modules/cjs/loader.js:531:3)
    at Module.require (internal/modules/cjs/loader.js:637:17)
    at require (internal/modules/cjs/helpers.js:22:18)

Additional information:
  user = Petuuuhhh
  room = lobby
  pmTarget = undefined
  message = /dt boil, prism


C:\Users\Swanton\Downloads\Pokemon-Showdown\data\mods\prism\moves.js:1819
};
 ^

SyntaxError: Unexpected token ;
    at new Script (vm.js:80:7)
    at createScript (vm.js:274:10)
    at Object.runInThisContext (vm.js:326:10)
    at Module._compile (internal/modules/cjs/loader.js:664:28)
    at Object.Module._extensions..js (internal/modules/cjs/loader.js:712:10)
    at Module.load (internal/modules/cjs/loader.js:600:32)
    at tryModuleLoad (internal/modules/cjs/loader.js:539:12)
    at Function.Module._load (internal/modules/cjs/loader.js:531:3)
    at Module.require (internal/modules/cjs/loader.js:637:17)
    at require (internal/modules/cjs/helpers.js:22:18)

Additional information:
  user = Petuh_Alt
  room = battle-gen5prism-10
  pmTarget = undefined
  message = /dt boil


C:\Users\Swanton\Downloads\Pokemon-Showdown\data\mods\prism\moves.js:1807
};
 ^

SyntaxError: Unexpected token ;
    at new Script (vm.js:80:7)
    at createScript (vm.js:274:10)
    at Object.runInThisContext (vm.js:326:10)
    at Module._compile (internal/modules/cjs/loader.js:664:28)
    at Object.Module._extensions..js (internal/modules/cjs/loader.js:712:10)
    at Module.load (internal/modules/cjs/loader.js:600:32)
    at tryModuleLoad (internal/modules/cjs/loader.js:539:12)
    at Function.Module._load (internal/modules/cjs/loader.js:531:3)
    at Module.require (internal/modules/cjs/loader.js:637:17)
    at require (internal/modules/cjs/helpers.js:22:18)

Additional information:
  user = Petuuuhhh
  room = battle-gen5prism-11
  pmTarget = undefined
  message = /dt boil


Error [ERR_IPC_DISCONNECTED]: IPC channel is already disconnected
    at ChildProcess.target.disconnect (internal/child_process.js:776:26)
    at StreamProcessWrapper.destroy (C:\Users\Swanton\Downloads\Pokemon-Showdown\.lib-dist\process-manager.js:214:16)
    at ChildProcess.StreamProcessWrapper.process.on (C:\Users\Swanton\Downloads\Pokemon-Showdown\.lib-dist\process-manager.js:175:9)
    at ChildProcess.emit (events.js:189:13)
    at ChildProcess.EventEmitter.emit (domain.js:441:20)
    at finish (internal/child_process.js:805:14)
    at process._tickCallback (internal/process/next_tick.js:61:11)

Error [ERR_IPC_DISCONNECTED]: IPC channel is already disconnected
    at ChildProcess.target.disconnect (internal/child_process.js:776:26)
    at QueryProcessWrapper.destroy (C:\Users\Swanton\Downloads\Pokemon-Showdown\.lib-dist\process-manager.js:111:16)
    at ChildProcess.QueryProcessWrapper.process.on (C:\Users\Swanton\Downloads\Pokemon-Showdown\.lib-dist\process-manager.js:77:9)
    at ChildProcess.emit (events.js:189:13)
    at ChildProcess.EventEmitter.emit (domain.js:441:20)
    at finish (internal/child_process.js:805:14)
    at process._tickCallback (internal/process/next_tick.js:61:11)

Error [ERR_IPC_DISCONNECTED]: IPC channel is already disconnected
    at ChildProcess.target.disconnect (internal/child_process.js:776:26)
    at QueryProcessWrapper.destroy (C:\Users\Swanton\Downloads\Pokemon-Showdown\.lib-dist\process-manager.js:111:16)
    at ChildProcess.QueryProcessWrapper.process.on (C:\Users\Swanton\Downloads\Pokemon-Showdown\.lib-dist\process-manager.js:77:9)
    at ChildProcess.emit (events.js:189:13)
    at ChildProcess.EventEmitter.emit (domain.js:441:20)
    at finish (internal/child_process.js:805:14)
    at process._tickCallback (internal/process/next_tick.js:61:11)

Error [ERR_IPC_DISCONNECTED]: IPC channel is already disconnected
    at ChildProcess.target.disconnect (internal/child_process.js:776:26)
    at QueryProcessWrapper.destroy (C:\Users\Swanton\Downloads\Pokemon-Showdown\.lib-dist\process-manager.js:111:16)
    at ChildProcess.QueryProcessWrapper.process.on (C:\Users\Swanton\Downloads\Pokemon-Showdown\.lib-dist\process-manager.js:77:9)
    at ChildProcess.emit (events.js:189:13)
    at ChildProcess.EventEmitter.emit (domain.js:441:20)
    at finish (internal/child_process.js:805:14)
    at process._tickCallback (internal/process/next_tick.js:61:11)

Error [ERR_IPC_DISCONNECTED]: IPC channel is already disconnected
    at ChildProcess.target.disconnect (internal/child_process.js:776:26)
    at StreamProcessWrapper.destroy (C:\Users\Swanton\Downloads\Pokemon-Showdown\.lib-dist\process-manager.js:214:16)
    at ChildProcess.StreamProcessWrapper.process.on (C:\Users\Swanton\Downloads\Pokemon-Showdown\.lib-dist\process-manager.js:175:9)
    at ChildProcess.emit (events.js:189:13)
    at ChildProcess.EventEmitter.emit (domain.js:441:20)
    at finish (internal/child_process.js:805:14)
    at process._tickCallback (internal/process/next_tick.js:61:11)

Error [ERR_IPC_DISCONNECTED]: IPC channel is already disconnected
    at ChildProcess.target.disconnect (internal/child_process.js:776:26)
    at StreamProcessWrapper.destroy (C:\Users\Swanton\Downloads\Pokemon-Showdown\.lib-dist\process-manager.js:214:16)
    at ChildProcess.StreamProcessWrapper.process.on (C:\Users\Swanton\Downloads\Pokemon-Showdown\.lib-dist\process-manager.js:175:9)
    at ChildProcess.emit (events.js:189:13)
    at ChildProcess.EventEmitter.emit (domain.js:441:20)
    at finish (internal/child_process.js:805:14)
    at process._tickCallback (internal/process/next_tick.js:61:11)

Error [ERR_IPC_DISCONNECTED]: IPC channel is already disconnected
    at ChildProcess.target.disconnect (internal/child_process.js:776:26)
    at StreamProcessWrapper.destroy (C:\Users\Swanton\Downloads\Pokemon-Showdown\.lib-dist\process-manager.js:214:16)
    at ChildProcess.StreamProcessWrapper.process.on (C:\Users\Swanton\Downloads\Pokemon-Showdown\.lib-dist\process-manager.js:175:9)
    at ChildProcess.emit (events.js:189:13)
    at ChildProcess.EventEmitter.emit (domain.js:441:20)
    at finish (internal/child_process.js:805:14)
    at process._tickCallback (internal/process/next_tick.js:61:11)

Error [ERR_IPC_DISCONNECTED]: IPC channel is already disconnected
    at ChildProcess.target.disconnect (internal/child_process.js:776:26)
    at StreamProcessWrapper.destroy (C:\Users\Swanton\Downloads\Pokemon-Showdown\.lib-dist\process-manager.js:214:16)
    at ChildProcess.StreamProcessWrapper.process.on (C:\Users\Swanton\Downloads\Pokemon-Showdown\.lib-dist\process-manager.js:175:9)
    at ChildProcess.emit (events.js:189:13)
    at ChildProcess.EventEmitter.emit (domain.js:441:20)
    at finish (internal/child_process.js:805:14)
    at process._tickCallback (internal/process/next_tick.js:61:11)

Error [ERR_IPC_DISCONNECTED]: IPC channel is already disconnected
    at ChildProcess.target.disconnect (internal/child_process.js:776:26)
    at StreamProcessWrapper.destroy (C:\Users\Swanton\Downloads\Pokemon-Showdown\.lib-dist\process-manager.js:214:16)
    at ChildProcess.StreamProcessWrapper.process.on (C:\Users\Swanton\Downloads\Pokemon-Showdown\.lib-dist\process-manager.js:175:9)
    at ChildProcess.emit (events.js:189:13)
    at ChildProcess.EventEmitter.emit (domain.js:441:20)
    at finish (internal/child_process.js:805:14)
    at process._tickCallback (internal/process/next_tick.js:61:11)

Error [ERR_IPC_DISCONNECTED]: IPC channel is already disconnected
    at ChildProcess.target.disconnect (internal/child_process.js:776:26)
    at StreamProcessWrapper.destroy (C:\Users\Swanton\Downloads\Pokemon-Showdown\.lib-dist\process-manager.js:214:16)
    at ChildProcess.StreamProcessWrapper.process.on (C:\Users\Swanton\Downloads\Pokemon-Showdown\.lib-dist\process-manager.js:175:9)
    at ChildProcess.emit (events.js:189:13)
    at ChildProcess.EventEmitter.emit (domain.js:441:20)
    at finish (internal/child_process.js:805:14)
    at process._tickCallback (internal/process/next_tick.js:61:11)

Error [ERR_IPC_DISCONNECTED]: IPC channel is already disconnected
    at ChildProcess.target.disconnect (internal/child_process.js:776:26)
    at QueryProcessWrapper.destroy (C:\Users\Swanton\Downloads\Pokemon-Showdown\.lib-dist\process-manager.js:111:16)
    at ChildProcess.QueryProcessWrapper.process.on (C:\Users\Swanton\Downloads\Pokemon-Showdown\.lib-dist\process-manager.js:77:9)
    at ChildProcess.emit (events.js:189:13)
    at ChildProcess.EventEmitter.emit (domain.js:441:20)
    at finish (internal/child_process.js:805:14)
    at process._tickCallback (internal/process/next_tick.js:61:11)

Error [ERR_IPC_DISCONNECTED]: IPC channel is already disconnected
    at ChildProcess.target.disconnect (internal/child_process.js:776:26)
    at StreamProcessWrapper.destroy (C:\Users\Swanton\Downloads\Pokemon-Showdown\.lib-dist\process-manager.js:214:16)
    at ChildProcess.StreamProcessWrapper.process.on (C:\Users\Swanton\Downloads\Pokemon-Showdown\.lib-dist\process-manager.js:175:9)
    at ChildProcess.emit (events.js:189:13)
    at ChildProcess.EventEmitter.emit (domain.js:441:20)
    at finish (internal/child_process.js:805:14)
    at process._tickCallback (internal/process/next_tick.js:61:11)

C:\Users\Swanton\Downloads\Pokemon-Showdown\data\mods\prism\moves.js:191
        	secondary: false,
        	^^^^^^^^^

SyntaxError: Unexpected identifier
    at new Script (vm.js:80:7)
    at createScript (vm.js:274:10)
    at Object.runInThisContext (vm.js:326:10)
    at Module._compile (internal/modules/cjs/loader.js:664:28)
    at Object.Module._extensions..js (internal/modules/cjs/loader.js:712:10)
    at Module.load (internal/modules/cjs/loader.js:600:32)
    at tryModuleLoad (internal/modules/cjs/loader.js:539:12)
    at Function.Module._load (internal/modules/cjs/loader.js:531:3)
    at Module.require (internal/modules/cjs/loader.js:637:17)
    at require (internal/modules/cjs/helpers.js:22:18)

Additional information:
  formatid = gen5prism
  team = Varaneous|||naljofury|boil||,4,,,,|||||]Alakazam||||psybeam||,,,4,,||,0,,,,|||]Phancero|||download|prismspray||,4,,,,|||||


C:\Users\Swanton\Downloads\Pokemon-Showdown\data\mods\prism\moves.js:191
        	secondary: false,
        	^^^^^^^^^

SyntaxError: Unexpected identifier
    at new Script (vm.js:80:7)
    at createScript (vm.js:274:10)
    at Object.runInThisContext (vm.js:326:10)
    at Module._compile (internal/modules/cjs/loader.js:664:28)
    at Object.Module._extensions..js (internal/modules/cjs/loader.js:712:10)
    at Module.load (internal/modules/cjs/loader.js:600:32)
    at tryModuleLoad (internal/modules/cjs/loader.js:539:12)
    at Function.Module._load (internal/modules/cjs/loader.js:531:3)
    at Module.require (internal/modules/cjs/loader.js:637:17)
    at require (internal/modules/cjs/helpers.js:22:18)

Additional information:
  formatid = gen5prism
  team = Varaneous|||naljofury|boil||,4,,,,|||||]Alakazam||||psybeam||,,,4,,||,0,,,,|||]Phancero|||download|prismspray||,4,,,,|||||


Error [ERR_IPC_DISCONNECTED]: IPC channel is already disconnected
    at ChildProcess.target.disconnect (internal/child_process.js:776:26)
    at StreamProcessWrapper.destroy (C:\Users\Swanton\Downloads\Pokemon-Showdown\.lib-dist\process-manager.js:214:16)
    at ChildProcess.StreamProcessWrapper.process.on (C:\Users\Swanton\Downloads\Pokemon-Showdown\.lib-dist\process-manager.js:175:9)
    at ChildProcess.emit (events.js:189:13)
    at ChildProcess.EventEmitter.emit (domain.js:441:20)
    at finish (internal/child_process.js:805:14)
    at process._tickCallback (internal/process/next_tick.js:61:11)

Error [ERR_IPC_DISCONNECTED]: IPC channel is already disconnected
    at ChildProcess.target.disconnect (internal/child_process.js:776:26)
    at QueryProcessWrapper.destroy (C:\Users\Swanton\Downloads\Pokemon-Showdown\.lib-dist\process-manager.js:111:16)
    at ChildProcess.QueryProcessWrapper.process.on (C:\Users\Swanton\Downloads\Pokemon-Showdown\.lib-dist\process-manager.js:77:9)
    at ChildProcess.emit (events.js:189:13)
    at ChildProcess.EventEmitter.emit (domain.js:441:20)
    at finish (internal/child_process.js:805:14)
    at process._tickCallback (internal/process/next_tick.js:61:11)

Error: Worker 1 abruptly died with code 3221225786 and signal null
    at EventEmitter.cluster.on (C:\Users\Swanton\Downloads\Pokemon-Showdown\server\sockets.js:90:21)
    at EventEmitter.emit (events.js:189:13)
    at EventEmitter.emit (domain.js:441:20)
    at ChildProcess.worker.process.once (internal/cluster/master.js:193:13)
    at Object.onceWrapper (events.js:277:13)
    at ChildProcess.emit (events.js:189:13)
    at ChildProcess.EventEmitter.emit (domain.js:441:20)
    at Process.ChildProcess._handle.onexit (internal/child_process.js:248:12)

Error [ERR_IPC_DISCONNECTED]: IPC channel is already disconnected
    at ChildProcess.target.disconnect (internal/child_process.js:776:26)
    at QueryProcessWrapper.destroy (C:\Users\Swanton\Downloads\Pokemon-Showdown\.lib-dist\process-manager.js:111:16)
    at ChildProcess.QueryProcessWrapper.process.on (C:\Users\Swanton\Downloads\Pokemon-Showdown\.lib-dist\process-manager.js:77:9)
    at ChildProcess.emit (events.js:189:13)
    at ChildProcess.EventEmitter.emit (domain.js:441:20)
    at finish (internal/child_process.js:805:14)
    at process._tickCallback (internal/process/next_tick.js:61:11)

Error [ERR_IPC_DISCONNECTED]: IPC channel is already disconnected
    at ChildProcess.target.disconnect (internal/child_process.js:776:26)
    at QueryProcessWrapper.destroy (C:\Users\Swanton\Downloads\Pokemon-Showdown\.lib-dist\process-manager.js:111:16)
    at ChildProcess.QueryProcessWrapper.process.on (C:\Users\Swanton\Downloads\Pokemon-Showdown\.lib-dist\process-manager.js:77:9)
    at ChildProcess.emit (events.js:189:13)
    at ChildProcess.EventEmitter.emit (domain.js:441:20)
    at finish (internal/child_process.js:805:14)
    at process._tickCallback (internal/process/next_tick.js:61:11)

Error: Worker 1 abruptly died with code 3221225786 and signal null
    at EventEmitter.cluster.on (C:\Users\Swanton\Downloads\Pokemon-Showdown\server\sockets.js:90:21)
    at EventEmitter.emit (events.js:189:13)
    at EventEmitter.emit (domain.js:441:20)
    at ChildProcess.worker.process.once (internal/cluster/master.js:193:13)
    at Object.onceWrapper (events.js:277:13)
    at ChildProcess.emit (events.js:189:13)
    at ChildProcess.EventEmitter.emit (domain.js:441:20)
    at Process.ChildProcess._handle.onexit (internal/child_process.js:248:12)

Error [ERR_IPC_DISCONNECTED]: IPC channel is already disconnected
    at ChildProcess.target.disconnect (internal/child_process.js:776:26)
    at QueryProcessWrapper.destroy (C:\Users\Swanton\Downloads\Pokemon-Showdown\.lib-dist\process-manager.js:111:16)
    at ChildProcess.QueryProcessWrapper.process.on (C:\Users\Swanton\Downloads\Pokemon-Showdown\.lib-dist\process-manager.js:77:9)
    at ChildProcess.emit (events.js:189:13)
    at ChildProcess.EventEmitter.emit (domain.js:441:20)
    at finish (internal/child_process.js:805:14)
    at process._tickCallback (internal/process/next_tick.js:61:11)

Error [ERR_IPC_DISCONNECTED]: IPC channel is already disconnected
    at ChildProcess.target.disconnect (internal/child_process.js:776:26)
    at QueryProcessWrapper.destroy (C:\Users\Swanton\Downloads\Pokemon-Showdown\.lib-dist\process-manager.js:111:16)
    at ChildProcess.QueryProcessWrapper.process.on (C:\Users\Swanton\Downloads\Pokemon-Showdown\.lib-dist\process-manager.js:77:9)
    at ChildProcess.emit (events.js:189:13)
    at ChildProcess.EventEmitter.emit (domain.js:441:20)
    at finish (internal/child_process.js:805:14)
    at process._tickCallback (internal/process/next_tick.js:61:11)

Error [ERR_IPC_DISCONNECTED]: IPC channel is already disconnected
    at ChildProcess.target.disconnect (internal/child_process.js:776:26)
    at QueryProcessWrapper.destroy (C:\Users\Swanton\Downloads\Pokemon-Showdown\.lib-dist\process-manager.js:111:16)
    at ChildProcess.QueryProcessWrapper.process.on (C:\Users\Swanton\Downloads\Pokemon-Showdown\.lib-dist\process-manager.js:77:9)
    at ChildProcess.emit (events.js:189:13)
    at ChildProcess.EventEmitter.emit (domain.js:441:20)
    at finish (internal/child_process.js:805:14)
    at process._tickCallback (internal/process/next_tick.js:61:11)

Error [ERR_IPC_DISCONNECTED]: IPC channel is already disconnected
    at ChildProcess.target.disconnect (internal/child_process.js:776:26)
    at StreamProcessWrapper.destroy (C:\Users\Swanton\Downloads\Pokemon-Showdown\.lib-dist\process-manager.js:214:16)
    at ChildProcess.StreamProcessWrapper.process.on (C:\Users\Swanton\Downloads\Pokemon-Showdown\.lib-dist\process-manager.js:175:9)
    at ChildProcess.emit (events.js:189:13)
    at ChildProcess.EventEmitter.emit (domain.js:441:20)
    at finish (internal/child_process.js:805:14)
    at process._tickCallback (internal/process/next_tick.js:61:11)

Error [ERR_IPC_DISCONNECTED]: IPC channel is already disconnected
    at ChildProcess.target.disconnect (internal/child_process.js:776:26)
    at QueryProcessWrapper.destroy (C:\Users\Swanton\Downloads\Pokemon-Showdown\.lib-dist\process-manager.js:111:16)
    at ChildProcess.QueryProcessWrapper.process.on (C:\Users\Swanton\Downloads\Pokemon-Showdown\.lib-dist\process-manager.js:77:9)
    at ChildProcess.emit (events.js:189:13)
    at ChildProcess.EventEmitter.emit (domain.js:441:20)
    at finish (internal/child_process.js:805:14)
    at process._tickCallback (internal/process/next_tick.js:61:11)

C:\Users\Swanton\Downloads\Pokemon-Showdown\data\mods\prism\moves.js:192
			if (!target.runImmunity: false {
			                       ^

SyntaxError: Unexpected token :
    at new Script (vm.js:80:7)
    at createScript (vm.js:274:10)
    at Object.runInThisContext (vm.js:326:10)
    at Module._compile (internal/modules/cjs/loader.js:664:28)
    at Object.Module._extensions..js (internal/modules/cjs/loader.js:712:10)
    at Module.load (internal/modules/cjs/loader.js:600:32)
    at tryModuleLoad (internal/modules/cjs/loader.js:539:12)
    at Function.Module._load (internal/modules/cjs/loader.js:531:3)
    at Module.require (internal/modules/cjs/loader.js:637:17)
    at require (internal/modules/cjs/helpers.js:22:18)

Additional information:
  formatid = gen5prism
  team = Taillow||||wingattack||,4,,,,|||||]Alakazam||||psybeam||,,,4,,||,0,,,,|||]Marill|||1|surf||,4,,,,||,0,,,,|||


C:\Users\Swanton\Downloads\Pokemon-Showdown\data\mods\prism\moves.js:192
			if (!target.runImmunity: false {
			                       ^

SyntaxError: Unexpected token :
    at new Script (vm.js:80:7)
    at createScript (vm.js:274:10)
    at Object.runInThisContext (vm.js:326:10)
    at Module._compile (internal/modules/cjs/loader.js:664:28)
    at Object.Module._extensions..js (internal/modules/cjs/loader.js:712:10)
    at Module.load (internal/modules/cjs/loader.js:600:32)
    at tryModuleLoad (internal/modules/cjs/loader.js:539:12)
    at Function.Module._load (internal/modules/cjs/loader.js:531:3)
    at Module.require (internal/modules/cjs/loader.js:637:17)
    at require (internal/modules/cjs/helpers.js:22:18)

Additional information:
  formatid = gen5prism
  team = Taillow||||wingattack||,4,,,,|||||]Alakazam||||psybeam||,,,4,,||,0,,,,|||]Marill|||1|surf||,4,,,,||,0,,,,|||


C:\Users\Swanton\Downloads\Pokemon-Showdown\data\mods\prism\moves.js:200
	bonerush: {
	        ^

SyntaxError: Unexpected token :
    at new Script (vm.js:80:7)
    at createScript (vm.js:274:10)
    at Object.runInThisContext (vm.js:326:10)
    at Module._compile (internal/modules/cjs/loader.js:664:28)
    at Object.Module._extensions..js (internal/modules/cjs/loader.js:712:10)
    at Module.load (internal/modules/cjs/loader.js:600:32)
    at tryModuleLoad (internal/modules/cjs/loader.js:539:12)
    at Function.Module._load (internal/modules/cjs/loader.js:531:3)
    at Module.require (internal/modules/cjs/loader.js:637:17)
    at require (internal/modules/cjs/helpers.js:22:18)

Additional information:
  formatid = gen5prism
  team = Taillow||||wingattack||,4,,,,|||||]Alakazam||||psybeam||,,,4,,||,0,,,,|||]Marill|||1|surf||,4,,,,||,0,,,,|||


ReferenceError: typeMod is not defined
    at Battle.getDamage (C:\Users\Swanton\Downloads\Pokemon-Showdown\data\mods\prism\scripts.js:182:3)
    at Battle.getSpreadDamage (C:\Users\Swanton\Downloads\Pokemon-Showdown\data\scripts.js:807:25)
    at Battle.spreadMoveHit (C:\Users\Swanton\Downloads\Pokemon-Showdown\data\scripts.js:756:17)
    at Battle.hitStepMoveHitLoop (C:\Users\Swanton\Downloads\Pokemon-Showdown\data\scripts.js:654:37)
    at Battle.trySpreadMoveHit (C:\Users\Swanton\Downloads\Pokemon-Showdown\data\scripts.js:339:26)
    at Battle.useMoveInner (C:\Users\Swanton\Downloads\Pokemon-Showdown\data\scripts.js:255:22)
    at Battle.useMove (C:\Users\Swanton\Downloads\Pokemon-Showdown\data\scripts.js:138:25)
    at Battle.runMove (C:\Users\Swanton\Downloads\Pokemon-Showdown\data\scripts.js:93:31)
    at Battle.runAction (C:\Users\Swanton\Downloads\Pokemon-Showdown\.sim-dist\battle.js:2537:9)
    at Battle.go (C:\Users\Swanton\Downloads\Pokemon-Showdown\.sim-dist\battle.js:2740:9)

Additional information:
  chunk = >p1 move 1
  inputLog = 
>version 094bb54862a5b75a8ac041cc1c4c29cee2c0884e
>start {"formatid":"gen5prism","seed":[37716,49610,56985,37236]}
>player p1 {"name":"Petuuuhhh","avatar":"101","team":"Taillow||||wingattack||,4,,,,|||||]Alakazam||||psybeam||,,,4,,||,0,,,,|||]Marill|||1|surf||,4,,,,||,0,,,,|||"}
>player p2 {"name":"Petuh_Alt","avatar":"102","team":"Varaneous|||naljofury|boil||,4,,,,|||||]Alakazam||||psybeam||,,,4,,||,0,,,,|||]Marill|||1|surf||,4,,,,||,0,,,,|||"}
>p1 switch 3
>p2 switch 3
>p1 move surf
>p2 switch 3
  log = 
|player|p1|Petuuuhhh|101
|player|p2|Petuh_Alt|102
|teamsize|p1|3
|teamsize|p2|3
|gametype|singles
|gen|5
|tier|[Gen 5] Prism
|rule|Sleep Clause Mod: Limit one foe put to sleep
|rule|Species Clause: Limit one of each Pokémon
|rule|OHKO Clause: OHKO moves are banned
|rule|Moody Clause: Moody is banned
|rule|Evasion Moves Clause: Evasion moves are banned
|rule|Endless Battle Clause: Forcing endless battles is banned
|rule|HP Percentage Mod: HP is shown in percentages
|rule|Evasion Abilities Clause: Evasion abilities are banned
|rule|Boil: Enable Boil
|
|start
|switch|p1a: Taillow|Taillow, F|221/221
|switch|p2a: Varaneous|Varaneous, M|341/341
|turn|1
|
|switch|p2a: Marill|Marill, F|281/281
|switch|p1a: Marill|Marill, F|281/281
|
|upkeep
|turn|2
|
|switch|p2a: Varaneous|Varaneous, M|341/341
|move|p1a: Marill|Surf|p2a: Varaneous


ReferenceError: baseDamage is not defined
    at Battle.getDamage (C:\Users\Swanton\Downloads\Pokemon-Showdown\data\mods\prism\scripts.js:188:5)
    at Battle.getSpreadDamage (C:\Users\Swanton\Downloads\Pokemon-Showdown\data\scripts.js:807:25)
    at Battle.spreadMoveHit (C:\Users\Swanton\Downloads\Pokemon-Showdown\data\scripts.js:756:17)
    at Battle.hitStepMoveHitLoop (C:\Users\Swanton\Downloads\Pokemon-Showdown\data\scripts.js:654:37)
    at Battle.trySpreadMoveHit (C:\Users\Swanton\Downloads\Pokemon-Showdown\data\scripts.js:339:26)
    at Battle.useMoveInner (C:\Users\Swanton\Downloads\Pokemon-Showdown\data\scripts.js:255:22)
    at Battle.useMove (C:\Users\Swanton\Downloads\Pokemon-Showdown\data\scripts.js:138:25)
    at Battle.runMove (C:\Users\Swanton\Downloads\Pokemon-Showdown\data\scripts.js:93:31)
    at Battle.runAction (C:\Users\Swanton\Downloads\Pokemon-Showdown\.sim-dist\battle.js:2537:9)
    at Battle.go (C:\Users\Swanton\Downloads\Pokemon-Showdown\.sim-dist\battle.js:2740:9)

Additional information:
  chunk = >p1 switch 3
  inputLog = 
>version 094bb54862a5b75a8ac041cc1c4c29cee2c0884e
>start {"formatid":"gen5prism","seed":[17270,33037,54638,1839]}
>player p1 {"name":"Petuuuhhh","avatar":"101","team":"Taillow||||wingattack||,4,,,,|||||]Alakazam||||psybeam||,,,4,,||,0,,,,|||]Marill|||1|surf||,4,,,,||,0,,,,|||"}
>player p2 {"name":"Petuh_Alt","avatar":"102","team":"Varaneous|||naljofury|boil||,4,,,,|||||]Alakazam||||psybeam||,,,4,,||,0,,,,|||]Marill|||1|surf||,4,,,,||,0,,,,|||"}
>p1 switch 3
>p2 move boil
  log = 
|player|p1|Petuuuhhh|101
|player|p2|Petuh_Alt|102
|teamsize|p1|3
|teamsize|p2|3
|gametype|singles
|gen|5
|tier|[Gen 5] Prism
|rule|Sleep Clause Mod: Limit one foe put to sleep
|rule|Species Clause: Limit one of each Pokémon
|rule|OHKO Clause: OHKO moves are banned
|rule|Moody Clause: Moody is banned
|rule|Evasion Moves Clause: Evasion moves are banned
|rule|Endless Battle Clause: Forcing endless battles is banned
|rule|HP Percentage Mod: HP is shown in percentages
|rule|Evasion Abilities Clause: Evasion abilities are banned
|rule|Boil: Enable Boil
|
|start
|switch|p1a: Taillow|Taillow, F|221/221
|switch|p2a: Varaneous|Varaneous, F|341/341
|turn|1
|
|switch|p1a: Marill|Marill, M|281/281
|move|p2a: Varaneous|Boil|p1a: Marill
|-supereffective|p1a: Marill


ReferenceError: typeMod is not defined
    at Battle.getDamage (C:\Users\Swanton\Downloads\Pokemon-Showdown\data\mods\prism\scripts.js:180:37)
    at Battle.getSpreadDamage (C:\Users\Swanton\Downloads\Pokemon-Showdown\data\scripts.js:807:25)
    at Battle.spreadMoveHit (C:\Users\Swanton\Downloads\Pokemon-Showdown\data\scripts.js:756:17)
    at Battle.hitStepMoveHitLoop (C:\Users\Swanton\Downloads\Pokemon-Showdown\data\scripts.js:654:37)
    at Battle.trySpreadMoveHit (C:\Users\Swanton\Downloads\Pokemon-Showdown\data\scripts.js:339:26)
    at Battle.useMoveInner (C:\Users\Swanton\Downloads\Pokemon-Showdown\data\scripts.js:255:22)
    at Battle.useMove (C:\Users\Swanton\Downloads\Pokemon-Showdown\data\scripts.js:138:25)
    at Battle.runMove (C:\Users\Swanton\Downloads\Pokemon-Showdown\data\scripts.js:93:31)
    at Battle.runAction (C:\Users\Swanton\Downloads\Pokemon-Showdown\.sim-dist\battle.js:2537:9)
    at Battle.go (C:\Users\Swanton\Downloads\Pokemon-Showdown\.sim-dist\battle.js:2740:9)

Additional information:
  chunk = >p1 switch 3
  inputLog = 
>version 094bb54862a5b75a8ac041cc1c4c29cee2c0884e
>start {"formatid":"gen5prism","seed":[25084,59576,12079,5318]}
>player p1 {"name":"Petuuuhhh","avatar":"101","team":"Taillow||||wingattack||,4,,,,|||||]Alakazam||||psybeam||,,,4,,||,0,,,,|||]Marill|||1|surf||,4,,,,||,0,,,,|||"}
>player p2 {"name":"Petuh_Alt","avatar":"102","team":"Varaneous|||naljofury|boil||,4,,,,|||||]Alakazam||||psybeam||,,,4,,||,0,,,,|||]Marill|||1|surf||,4,,,,||,0,,,,|||"}
>p1 switch 3
>p2 move boil
  log = 
|player|p1|Petuuuhhh|101
|player|p2|Petuh_Alt|102
|teamsize|p1|3
|teamsize|p2|3
|gametype|singles
|gen|5
|tier|[Gen 5] Prism
|rule|Sleep Clause Mod: Limit one foe put to sleep
|rule|Species Clause: Limit one of each Pokémon
|rule|OHKO Clause: OHKO moves are banned
|rule|Moody Clause: Moody is banned
|rule|Evasion Moves Clause: Evasion moves are banned
|rule|Endless Battle Clause: Forcing endless battles is banned
|rule|HP Percentage Mod: HP is shown in percentages
|rule|Evasion Abilities Clause: Evasion abilities are banned
|rule|Boil: Enable Boil
|
|start
|switch|p1a: Taillow|Taillow, M|221/221
|switch|p2a: Varaneous|Varaneous, F|341/341
|turn|1
|
|switch|p1a: Marill|Marill, F|281/281
|move|p2a: Varaneous|Boil|p1a: Marill


ReferenceError: typeMod is not defined
    at Battle.getDamage (C:\Users\Swanton\Downloads\Pokemon-Showdown\data\mods\prism\scripts.js:185:24)
    at Battle.getSpreadDamage (C:\Users\Swanton\Downloads\Pokemon-Showdown\data\scripts.js:807:25)
    at Battle.spreadMoveHit (C:\Users\Swanton\Downloads\Pokemon-Showdown\data\scripts.js:756:17)
    at Battle.hitStepMoveHitLoop (C:\Users\Swanton\Downloads\Pokemon-Showdown\data\scripts.js:654:37)
    at Battle.trySpreadMoveHit (C:\Users\Swanton\Downloads\Pokemon-Showdown\data\scripts.js:339:26)
    at Battle.useMoveInner (C:\Users\Swanton\Downloads\Pokemon-Showdown\data\scripts.js:255:22)
    at Battle.useMove (C:\Users\Swanton\Downloads\Pokemon-Showdown\data\scripts.js:138:25)
    at Battle.runMove (C:\Users\Swanton\Downloads\Pokemon-Showdown\data\scripts.js:93:31)
    at Battle.runAction (C:\Users\Swanton\Downloads\Pokemon-Showdown\.sim-dist\battle.js:2537:9)
    at Battle.go (C:\Users\Swanton\Downloads\Pokemon-Showdown\.sim-dist\battle.js:2740:9)

Additional information:
  chunk = >p1 switch 3
  inputLog = 
>version 094bb54862a5b75a8ac041cc1c4c29cee2c0884e
>start {"formatid":"gen5prism","seed":[8198,54067,12785,25253]}
>player p1 {"name":"Petuuuhhh","avatar":"101","team":"Taillow||||wingattack||,4,,,,|||||]Alakazam||||psybeam||,,,4,,||,0,,,,|||]Marill|||1|surf||,4,,,,||,0,,,,|||"}
>player p2 {"name":"Petuh_Alt","avatar":"102","team":"Varaneous|||naljofury|boil||,4,,,,|||||]Alakazam||||psybeam||,,,4,,||,0,,,,|||]Marill|||1|surf||,4,,,,||,0,,,,|||"}
>p1 switch 3
>p2 move boil
  log = 
|player|p1|Petuuuhhh|101
|player|p2|Petuh_Alt|102
|teamsize|p1|3
|teamsize|p2|3
|gametype|singles
|gen|5
|tier|[Gen 5] Prism
|rule|Sleep Clause Mod: Limit one foe put to sleep
|rule|Species Clause: Limit one of each Pokémon
|rule|OHKO Clause: OHKO moves are banned
|rule|Moody Clause: Moody is banned
|rule|Evasion Moves Clause: Evasion moves are banned
|rule|Endless Battle Clause: Forcing endless battles is banned
|rule|HP Percentage Mod: HP is shown in percentages
|rule|Evasion Abilities Clause: Evasion abilities are banned
|rule|Boil: Enable Boil
|
|start
|switch|p1a: Taillow|Taillow, M|221/221
|switch|p2a: Varaneous|Varaneous, F|341/341
|turn|1
|
|switch|p1a: Marill|Marill, F|281/281
|move|p2a: Varaneous|Boil|p1a: Marill
|-supereffective|p1a: Marill


ReferenceError: baseDamage is not defined
    at Battle.getDamage (C:\Users\Swanton\Downloads\Pokemon-Showdown\data\mods\prism\scripts.js:186:5)
    at Battle.getSpreadDamage (C:\Users\Swanton\Downloads\Pokemon-Showdown\data\scripts.js:807:25)
    at Battle.spreadMoveHit (C:\Users\Swanton\Downloads\Pokemon-Showdown\data\scripts.js:756:17)
    at Battle.hitStepMoveHitLoop (C:\Users\Swanton\Downloads\Pokemon-Showdown\data\scripts.js:654:37)
    at Battle.trySpreadMoveHit (C:\Users\Swanton\Downloads\Pokemon-Showdown\data\scripts.js:339:26)
    at Battle.useMoveInner (C:\Users\Swanton\Downloads\Pokemon-Showdown\data\scripts.js:255:22)
    at Battle.useMove (C:\Users\Swanton\Downloads\Pokemon-Showdown\data\scripts.js:138:25)
    at Battle.runMove (C:\Users\Swanton\Downloads\Pokemon-Showdown\data\scripts.js:93:31)
    at Battle.runAction (C:\Users\Swanton\Downloads\Pokemon-Showdown\.sim-dist\battle.js:2537:9)
    at Battle.go (C:\Users\Swanton\Downloads\Pokemon-Showdown\.sim-dist\battle.js:2740:9)

Additional information:
  chunk = >p1 switch 3
  inputLog = 
>version 094bb54862a5b75a8ac041cc1c4c29cee2c0884e
>start {"formatid":"gen5prism","seed":[9707,11888,31215,53178]}
>player p1 {"name":"Petuuuhhh","avatar":"101","team":"Taillow||||wingattack||,4,,,,|||||]Alakazam||||psybeam||,,,4,,||,0,,,,|||]Marill|||1|surf||,4,,,,||,0,,,,|||"}
>player p2 {"name":"Petuh_Alt","avatar":"102","team":"Varaneous|||naljofury|boil||,4,,,,|||||]Alakazam||||psybeam||,,,4,,||,0,,,,|||]Marill|||1|surf||,4,,,,||,0,,,,|||"}
>p1 switch 3
>p2 move boil
  log = 
|player|p1|Petuuuhhh|101
|player|p2|Petuh_Alt|102
|teamsize|p1|3
|teamsize|p2|3
|gametype|singles
|gen|5
|tier|[Gen 5] Prism
|rule|Sleep Clause Mod: Limit one foe put to sleep
|rule|Species Clause: Limit one of each Pokémon
|rule|OHKO Clause: OHKO moves are banned
|rule|Moody Clause: Moody is banned
|rule|Evasion Moves Clause: Evasion moves are banned
|rule|Endless Battle Clause: Forcing endless battles is banned
|rule|HP Percentage Mod: HP is shown in percentages
|rule|Evasion Abilities Clause: Evasion abilities are banned
|rule|Boil: Enable Boil
|
|start
|switch|p1a: Taillow|Taillow, F|221/221
|switch|p2a: Varaneous|Varaneous, M|341/341
|turn|1
|
|switch|p1a: Marill|Marill, F|281/281
|move|p2a: Varaneous|Boil|p1a: Marill
|-supereffective|p1a: Marill


Error [ERR_IPC_DISCONNECTED]: IPC channel is already disconnected
    at ChildProcess.target.disconnect (internal/child_process.js:776:26)
    at StreamProcessWrapper.destroy (C:\Users\Swanton\Downloads\Pokemon-Showdown\.lib-dist\process-manager.js:214:16)
    at ChildProcess.StreamProcessWrapper.process.on (C:\Users\Swanton\Downloads\Pokemon-Showdown\.lib-dist\process-manager.js:175:9)
    at ChildProcess.emit (events.js:189:13)
    at ChildProcess.EventEmitter.emit (domain.js:441:20)
    at finish (internal/child_process.js:805:14)
    at process._tickCallback (internal/process/next_tick.js:61:11)

Error [ERR_IPC_DISCONNECTED]: IPC channel is already disconnected
    at ChildProcess.target.disconnect (internal/child_process.js:776:26)
    at QueryProcessWrapper.destroy (C:\Users\Swanton\Downloads\Pokemon-Showdown\.lib-dist\process-manager.js:111:16)
    at ChildProcess.QueryProcessWrapper.process.on (C:\Users\Swanton\Downloads\Pokemon-Showdown\.lib-dist\process-manager.js:77:9)
    at ChildProcess.emit (events.js:189:13)
    at ChildProcess.EventEmitter.emit (domain.js:441:20)
    at finish (internal/child_process.js:805:14)
    at process._tickCallback (internal/process/next_tick.js:61:11)

Error [ERR_IPC_DISCONNECTED]: IPC channel is already disconnected
    at ChildProcess.target.disconnect (internal/child_process.js:776:26)
    at QueryProcessWrapper.destroy (C:\Users\Swanton\Downloads\Pokemon-Showdown\.lib-dist\process-manager.js:111:16)
    at ChildProcess.QueryProcessWrapper.process.on (C:\Users\Swanton\Downloads\Pokemon-Showdown\.lib-dist\process-manager.js:77:9)
    at ChildProcess.emit (events.js:189:13)
    at ChildProcess.EventEmitter.emit (domain.js:441:20)
    at finish (internal/child_process.js:805:14)
    at process._tickCallback (internal/process/next_tick.js:61:11)

Error [ERR_IPC_DISCONNECTED]: IPC channel is already disconnected
    at ChildProcess.target.disconnect (internal/child_process.js:776:26)
    at QueryProcessWrapper.destroy (C:\Users\Swanton\Downloads\Pokemon-Showdown\.lib-dist\process-manager.js:111:16)
    at ChildProcess.QueryProcessWrapper.process.on (C:\Users\Swanton\Downloads\Pokemon-Showdown\.lib-dist\process-manager.js:77:9)
    at ChildProcess.emit (events.js:189:13)
    at ChildProcess.EventEmitter.emit (domain.js:441:20)
    at finish (internal/child_process.js:805:14)
    at process._tickCallback (internal/process/next_tick.js:61:11)

C:\Users\Swanton\Downloads\Pokemon-Showdown\data\moves.js:17024
		target: "allAdjacent",
		      ^

SyntaxError: Unexpected token :
    at new Script (vm.js:80:7)
    at createScript (vm.js:274:10)
    at Object.runInThisContext (vm.js:326:10)
    at Module._compile (internal/modules/cjs/loader.js:664:28)
    at Object.Module._extensions..js (internal/modules/cjs/loader.js:712:10)
    at Module.load (internal/modules/cjs/loader.js:600:32)
    at tryModuleLoad (internal/modules/cjs/loader.js:539:12)
    at Function.Module._load (internal/modules/cjs/loader.js:531:3)
    at Module.require (internal/modules/cjs/loader.js:637:17)
    at require (internal/modules/cjs/helpers.js:22:18)

C:\Users\Swanton\Downloads\Pokemon-Showdown\data\moves.js:17024
		target: "allAdjacent",
		      ^

SyntaxError: Unexpected token :
    at new Script (vm.js:80:7)
    at createScript (vm.js:274:10)
    at Object.runInThisContext (vm.js:326:10)
    at Module._compile (internal/modules/cjs/loader.js:664:28)
    at Object.Module._extensions..js (internal/modules/cjs/loader.js:712:10)
    at Module.load (internal/modules/cjs/loader.js:600:32)
    at tryModuleLoad (internal/modules/cjs/loader.js:539:12)
    at Function.Module._load (internal/modules/cjs/loader.js:531:3)
    at Module.require (internal/modules/cjs/loader.js:637:17)
    at require (internal/modules/cjs/helpers.js:22:18)

C:\Users\Swanton\Downloads\Pokemon-Showdown\data\moves.js:17024
		target: "allAdjacent",
		      ^

SyntaxError: Unexpected token :
    at new Script (vm.js:80:7)
    at createScript (vm.js:274:10)
    at Object.runInThisContext (vm.js:326:10)
    at Module._compile (internal/modules/cjs/loader.js:664:28)
    at Object.Module._extensions..js (internal/modules/cjs/loader.js:712:10)
    at Module.load (internal/modules/cjs/loader.js:600:32)
    at tryModuleLoad (internal/modules/cjs/loader.js:539:12)
    at Function.Module._load (internal/modules/cjs/loader.js:531:3)
    at Module.require (internal/modules/cjs/loader.js:637:17)
    at require (internal/modules/cjs/helpers.js:22:18)

C:\Users\Swanton\Downloads\Pokemon-Showdown\data\moves.js:17024
		secondary: null,
		^^^^^^^^^

SyntaxError: Unexpected identifier
    at new Script (vm.js:80:7)
    at createScript (vm.js:274:10)
    at Object.runInThisContext (vm.js:326:10)
    at Module._compile (internal/modules/cjs/loader.js:664:28)
    at Object.Module._extensions..js (internal/modules/cjs/loader.js:712:10)
    at Module.load (internal/modules/cjs/loader.js:600:32)
    at tryModuleLoad (internal/modules/cjs/loader.js:539:12)
    at Function.Module._load (internal/modules/cjs/loader.js:531:3)
    at Module.require (internal/modules/cjs/loader.js:637:17)
    at require (internal/modules/cjs/helpers.js:22:18)

C:\Users\Swanton\Downloads\Pokemon-Showdown\data\moves.js:17024
		secondary: null,
		^^^^^^^^^

SyntaxError: Unexpected identifier
    at new Script (vm.js:80:7)
    at createScript (vm.js:274:10)
    at Object.runInThisContext (vm.js:326:10)
    at Module._compile (internal/modules/cjs/loader.js:664:28)
    at Object.Module._extensions..js (internal/modules/cjs/loader.js:712:10)
    at Module.load (internal/modules/cjs/loader.js:600:32)
    at tryModuleLoad (internal/modules/cjs/loader.js:539:12)
    at Function.Module._load (internal/modules/cjs/loader.js:531:3)
    at Module.require (internal/modules/cjs/loader.js:637:17)
    at require (internal/modules/cjs/helpers.js:22:18)

C:\Users\Swanton\Downloads\Pokemon-Showdown\data\moves.js:17024
		secondary: null,
		^^^^^^^^^

SyntaxError: Unexpected identifier
    at new Script (vm.js:80:7)
    at createScript (vm.js:274:10)
    at Object.runInThisContext (vm.js:326:10)
    at Module._compile (internal/modules/cjs/loader.js:664:28)
    at Object.Module._extensions..js (internal/modules/cjs/loader.js:712:10)
    at Module.load (internal/modules/cjs/loader.js:600:32)
    at tryModuleLoad (internal/modules/cjs/loader.js:539:12)
    at Function.Module._load (internal/modules/cjs/loader.js:531:3)
    at Module.require (internal/modules/cjs/loader.js:637:17)
    at require (internal/modules/cjs/helpers.js:22:18)

Error [ERR_IPC_DISCONNECTED]: IPC channel is already disconnected
    at ChildProcess.target.disconnect (internal/child_process.js:776:26)
    at StreamProcessWrapper.destroy (C:\Users\Swanton\Downloads\Pokemon-Showdown\.lib-dist\process-manager.js:214:16)
    at ChildProcess.StreamProcessWrapper.process.on (C:\Users\Swanton\Downloads\Pokemon-Showdown\.lib-dist\process-manager.js:175:9)
    at ChildProcess.emit (events.js:189:13)
    at ChildProcess.EventEmitter.emit (domain.js:441:20)
    at finish (internal/child_process.js:805:14)
    at process._tickCallback (internal/process/next_tick.js:61:11)

Error [ERR_IPC_DISCONNECTED]: IPC channel is already disconnected
    at ChildProcess.target.disconnect (internal/child_process.js:776:26)
    at QueryProcessWrapper.destroy (C:\Users\Swanton\Downloads\Pokemon-Showdown\.lib-dist\process-manager.js:111:16)
    at ChildProcess.QueryProcessWrapper.process.on (C:\Users\Swanton\Downloads\Pokemon-Showdown\.lib-dist\process-manager.js:77:9)
    at ChildProcess.emit (events.js:189:13)
    at ChildProcess.EventEmitter.emit (domain.js:441:20)
    at finish (internal/child_process.js:805:14)
    at process._tickCallback (internal/process/next_tick.js:61:11)

Error [ERR_IPC_DISCONNECTED]: IPC channel is already disconnected
    at ChildProcess.target.disconnect (internal/child_process.js:776:26)
    at QueryProcessWrapper.destroy (C:\Users\Swanton\Downloads\Pokemon-Showdown\.lib-dist\process-manager.js:111:16)
    at ChildProcess.QueryProcessWrapper.process.on (C:\Users\Swanton\Downloads\Pokemon-Showdown\.lib-dist\process-manager.js:77:9)
    at ChildProcess.emit (events.js:189:13)
    at ChildProcess.EventEmitter.emit (domain.js:441:20)
    at finish (internal/child_process.js:805:14)
    at process._tickCallback (internal/process/next_tick.js:61:11)

Error [ERR_IPC_DISCONNECTED]: IPC channel is already disconnected
    at ChildProcess.target.disconnect (internal/child_process.js:776:26)
    at QueryProcessWrapper.destroy (C:\Users\Swanton\Downloads\Pokemon-Showdown\.lib-dist\process-manager.js:111:16)
    at ChildProcess.QueryProcessWrapper.process.on (C:\Users\Swanton\Downloads\Pokemon-Showdown\.lib-dist\process-manager.js:77:9)
    at ChildProcess.emit (events.js:189:13)
    at ChildProcess.EventEmitter.emit (domain.js:441:20)
    at finish (internal/child_process.js:805:14)
    at process._tickCallback (internal/process/next_tick.js:61:11)

C:\Users\Swanton\Downloads\Pokemon-Showdown\data\moves.js:17024
		secondary: null,
		^^^^^^^^^

SyntaxError: Unexpected identifier
    at new Script (vm.js:80:7)
    at createScript (vm.js:274:10)
    at Object.runInThisContext (vm.js:326:10)
    at Module._compile (internal/modules/cjs/loader.js:664:28)
    at Object.Module._extensions..js (internal/modules/cjs/loader.js:712:10)
    at Module.load (internal/modules/cjs/loader.js:600:32)
    at tryModuleLoad (internal/modules/cjs/loader.js:539:12)
    at Function.Module._load (internal/modules/cjs/loader.js:531:3)
    at Module.require (internal/modules/cjs/loader.js:637:17)
    at require (internal/modules/cjs/helpers.js:22:18)

C:\Users\Swanton\Downloads\Pokemon-Showdown\data\moves.js:17024
		secondary: null,
		^^^^^^^^^

SyntaxError: Unexpected identifier
    at new Script (vm.js:80:7)
    at createScript (vm.js:274:10)
    at Object.runInThisContext (vm.js:326:10)
    at Module._compile (internal/modules/cjs/loader.js:664:28)
    at Object.Module._extensions..js (internal/modules/cjs/loader.js:712:10)
    at Module.load (internal/modules/cjs/loader.js:600:32)
    at tryModuleLoad (internal/modules/cjs/loader.js:539:12)
    at Function.Module._load (internal/modules/cjs/loader.js:531:3)
    at Module.require (internal/modules/cjs/loader.js:637:17)
    at require (internal/modules/cjs/helpers.js:22:18)

C:\Users\Swanton\Downloads\Pokemon-Showdown\data\moves.js:17024
		secondary: null,
		^^^^^^^^^

SyntaxError: Unexpected identifier
    at new Script (vm.js:80:7)
    at createScript (vm.js:274:10)
    at Object.runInThisContext (vm.js:326:10)
    at Module._compile (internal/modules/cjs/loader.js:664:28)
    at Object.Module._extensions..js (internal/modules/cjs/loader.js:712:10)
    at Module.load (internal/modules/cjs/loader.js:600:32)
    at tryModuleLoad (internal/modules/cjs/loader.js:539:12)
    at Function.Module._load (internal/modules/cjs/loader.js:531:3)
    at Module.require (internal/modules/cjs/loader.js:637:17)
    at require (internal/modules/cjs/helpers.js:22:18)

Error [ERR_IPC_DISCONNECTED]: IPC channel is already disconnected
    at ChildProcess.target.disconnect (internal/child_process.js:776:26)
    at QueryProcessWrapper.destroy (C:\Users\Swanton\Downloads\Pokemon-Showdown\.lib-dist\process-manager.js:111:16)
    at ChildProcess.QueryProcessWrapper.process.on (C:\Users\Swanton\Downloads\Pokemon-Showdown\.lib-dist\process-manager.js:77:9)
    at ChildProcess.emit (events.js:189:13)
    at ChildProcess.EventEmitter.emit (domain.js:441:20)
    at finish (internal/child_process.js:805:14)
    at process._tickCallback (internal/process/next_tick.js:61:11)

C:\Users\Swanton\Downloads\Pokemon-Showdown\data\moves.js:17025
		secondary: null,
		^^^^^^^^^

SyntaxError: Unexpected identifier
    at new Script (vm.js:80:7)
    at createScript (vm.js:274:10)
    at Object.runInThisContext (vm.js:326:10)
    at Module._compile (internal/modules/cjs/loader.js:664:28)
    at Object.Module._extensions..js (internal/modules/cjs/loader.js:712:10)
    at Module.load (internal/modules/cjs/loader.js:600:32)
    at tryModuleLoad (internal/modules/cjs/loader.js:539:12)
    at Function.Module._load (internal/modules/cjs/loader.js:531:3)
    at Module.require (internal/modules/cjs/loader.js:637:17)
    at require (internal/modules/cjs/helpers.js:22:18)

C:\Users\Swanton\Downloads\Pokemon-Showdown\data\moves.js:17025
		secondary: null,
		^^^^^^^^^

SyntaxError: Unexpected identifier
    at new Script (vm.js:80:7)
    at createScript (vm.js:274:10)
    at Object.runInThisContext (vm.js:326:10)
    at Module._compile (internal/modules/cjs/loader.js:664:28)
    at Object.Module._extensions..js (internal/modules/cjs/loader.js:712:10)
    at Module.load (internal/modules/cjs/loader.js:600:32)
    at tryModuleLoad (internal/modules/cjs/loader.js:539:12)
    at Function.Module._load (internal/modules/cjs/loader.js:531:3)
    at Module.require (internal/modules/cjs/loader.js:637:17)
    at require (internal/modules/cjs/helpers.js:22:18)

C:\Users\Swanton\Downloads\Pokemon-Showdown\data\moves.js:17025
		secondary: null,
		^^^^^^^^^

SyntaxError: Unexpected identifier
    at new Script (vm.js:80:7)
    at createScript (vm.js:274:10)
    at Object.runInThisContext (vm.js:326:10)
    at Module._compile (internal/modules/cjs/loader.js:664:28)
    at Object.Module._extensions..js (internal/modules/cjs/loader.js:712:10)
    at Module.load (internal/modules/cjs/loader.js:600:32)
    at tryModuleLoad (internal/modules/cjs/loader.js:539:12)
    at Function.Module._load (internal/modules/cjs/loader.js:531:3)
    at Module.require (internal/modules/cjs/loader.js:637:17)
    at require (internal/modules/cjs/helpers.js:22:18)

Error [ERR_IPC_DISCONNECTED]: IPC channel is already disconnected
    at ChildProcess.target.disconnect (internal/child_process.js:776:26)
    at QueryProcessWrapper.destroy (C:\Users\Swanton\Downloads\Pokemon-Showdown\.lib-dist\process-manager.js:111:16)
    at ChildProcess.QueryProcessWrapper.process.on (C:\Users\Swanton\Downloads\Pokemon-Showdown\.lib-dist\process-manager.js:77:9)
    at ChildProcess.emit (events.js:189:13)
    at ChildProcess.EventEmitter.emit (domain.js:441:20)
    at finish (internal/child_process.js:805:14)
    at process._tickCallback (internal/process/next_tick.js:61:11)

Error: Worker 1 abruptly died with code 3221225786 and signal null
    at EventEmitter.cluster.on (C:\Users\Swanton\Downloads\Pokemon-Showdown\server\sockets.js:90:21)
    at EventEmitter.emit (events.js:189:13)
    at EventEmitter.emit (domain.js:441:20)
    at ChildProcess.worker.process.once (internal/cluster/master.js:193:13)
    at Object.onceWrapper (events.js:277:13)
    at ChildProcess.emit (events.js:189:13)
    at ChildProcess.EventEmitter.emit (domain.js:441:20)
    at Process.ChildProcess._handle.onexit (internal/child_process.js:248:12)

Error [ERR_IPC_DISCONNECTED]: IPC channel is already disconnected
    at ChildProcess.target.disconnect (internal/child_process.js:776:26)
    at QueryProcessWrapper.destroy (C:\Users\Swanton\Downloads\Pokemon-Showdown\.lib-dist\process-manager.js:111:16)
    at ChildProcess.QueryProcessWrapper.process.on (C:\Users\Swanton\Downloads\Pokemon-Showdown\.lib-dist\process-manager.js:77:9)
    at ChildProcess.emit (events.js:189:13)
    at ChildProcess.EventEmitter.emit (domain.js:441:20)
    at finish (internal/child_process.js:805:14)
    at process._tickCallback (internal/process/next_tick.js:61:11)

Error [ERR_IPC_DISCONNECTED]: IPC channel is already disconnected
    at ChildProcess.target.disconnect (internal/child_process.js:776:26)
    at QueryProcessWrapper.destroy (C:\Users\Swanton\Downloads\Pokemon-Showdown\.lib-dist\process-manager.js:111:16)
    at ChildProcess.QueryProcessWrapper.process.on (C:\Users\Swanton\Downloads\Pokemon-Showdown\.lib-dist\process-manager.js:77:9)
    at ChildProcess.emit (events.js:189:13)
    at ChildProcess.EventEmitter.emit (domain.js:441:20)
    at finish (internal/child_process.js:805:14)
    at process._tickCallback (internal/process/next_tick.js:61:11)

C:\Users\Swanton\Downloads\Pokemon-Showdown\data\moves.js:17026
		target: "allAdjacent",
		      ^

SyntaxError: Unexpected token :
    at new Script (vm.js:80:7)
    at createScript (vm.js:274:10)
    at Object.runInThisContext (vm.js:326:10)
    at Module._compile (internal/modules/cjs/loader.js:664:28)
    at Object.Module._extensions..js (internal/modules/cjs/loader.js:712:10)
    at Module.load (internal/modules/cjs/loader.js:600:32)
    at tryModuleLoad (internal/modules/cjs/loader.js:539:12)
    at Function.Module._load (internal/modules/cjs/loader.js:531:3)
    at Module.require (internal/modules/cjs/loader.js:637:17)
    at require (internal/modules/cjs/helpers.js:22:18)

C:\Users\Swanton\Downloads\Pokemon-Showdown\data\moves.js:17026
		target: "allAdjacent",
		      ^

SyntaxError: Unexpected token :
    at new Script (vm.js:80:7)
    at createScript (vm.js:274:10)
    at Object.runInThisContext (vm.js:326:10)
    at Module._compile (internal/modules/cjs/loader.js:664:28)
    at Object.Module._extensions..js (internal/modules/cjs/loader.js:712:10)
    at Module.load (internal/modules/cjs/loader.js:600:32)
    at tryModuleLoad (internal/modules/cjs/loader.js:539:12)
    at Function.Module._load (internal/modules/cjs/loader.js:531:3)
    at Module.require (internal/modules/cjs/loader.js:637:17)
    at require (internal/modules/cjs/helpers.js:22:18)

C:\Users\Swanton\Downloads\Pokemon-Showdown\data\moves.js:17026
		target: "allAdjacent",
		      ^

SyntaxError: Unexpected token :
    at new Script (vm.js:80:7)
    at createScript (vm.js:274:10)
    at Object.runInThisContext (vm.js:326:10)
    at Module._compile (internal/modules/cjs/loader.js:664:28)
    at Object.Module._extensions..js (internal/modules/cjs/loader.js:712:10)
    at Module.load (internal/modules/cjs/loader.js:600:32)
    at tryModuleLoad (internal/modules/cjs/loader.js:539:12)
    at Function.Module._load (internal/modules/cjs/loader.js:531:3)
    at Module.require (internal/modules/cjs/loader.js:637:17)
    at require (internal/modules/cjs/helpers.js:22:18)

Error [ERR_IPC_DISCONNECTED]: IPC channel is already disconnected
    at ChildProcess.target.disconnect (internal/child_process.js:776:26)
    at QueryProcessWrapper.destroy (C:\Users\Swanton\Downloads\Pokemon-Showdown\.lib-dist\process-manager.js:111:16)
    at ChildProcess.QueryProcessWrapper.process.on (C:\Users\Swanton\Downloads\Pokemon-Showdown\.lib-dist\process-manager.js:77:9)
    at ChildProcess.emit (events.js:189:13)
    at ChildProcess.EventEmitter.emit (domain.js:441:20)
    at finish (internal/child_process.js:805:14)
    at process._tickCallback (internal/process/next_tick.js:61:11)

C:\Users\Swanton\Downloads\Pokemon-Showdown\data\moves.js:17023
		target: "allAdjacent",
		      ^

SyntaxError: Unexpected token :
    at new Script (vm.js:80:7)
    at createScript (vm.js:274:10)
    at Object.runInThisContext (vm.js:326:10)
    at Module._compile (internal/modules/cjs/loader.js:664:28)
    at Object.Module._extensions..js (internal/modules/cjs/loader.js:712:10)
    at Module.load (internal/modules/cjs/loader.js:600:32)
    at tryModuleLoad (internal/modules/cjs/loader.js:539:12)
    at Function.Module._load (internal/modules/cjs/loader.js:531:3)
    at Module.require (internal/modules/cjs/loader.js:637:17)
    at require (internal/modules/cjs/helpers.js:22:18)

C:\Users\Swanton\Downloads\Pokemon-Showdown\data\moves.js:17023
		target: "allAdjacent",
		      ^

SyntaxError: Unexpected token :
    at new Script (vm.js:80:7)
    at createScript (vm.js:274:10)
    at Object.runInThisContext (vm.js:326:10)
    at Module._compile (internal/modules/cjs/loader.js:664:28)
    at Object.Module._extensions..js (internal/modules/cjs/loader.js:712:10)
    at Module.load (internal/modules/cjs/loader.js:600:32)
    at tryModuleLoad (internal/modules/cjs/loader.js:539:12)
    at Function.Module._load (internal/modules/cjs/loader.js:531:3)
    at Module.require (internal/modules/cjs/loader.js:637:17)
    at require (internal/modules/cjs/helpers.js:22:18)

C:\Users\Swanton\Downloads\Pokemon-Showdown\data\moves.js:17023
		target: "allAdjacent",
		      ^

SyntaxError: Unexpected token :
    at new Script (vm.js:80:7)
    at createScript (vm.js:274:10)
    at Object.runInThisContext (vm.js:326:10)
    at Module._compile (internal/modules/cjs/loader.js:664:28)
    at Object.Module._extensions..js (internal/modules/cjs/loader.js:712:10)
    at Module.load (internal/modules/cjs/loader.js:600:32)
    at tryModuleLoad (internal/modules/cjs/loader.js:539:12)
    at Function.Module._load (internal/modules/cjs/loader.js:531:3)
    at Module.require (internal/modules/cjs/loader.js:637:17)
    at require (internal/modules/cjs/helpers.js:22:18)

Error [ERR_IPC_DISCONNECTED]: IPC channel is already disconnected
    at ChildProcess.target.disconnect (internal/child_process.js:776:26)
    at QueryProcessWrapper.destroy (C:\Users\Swanton\Downloads\Pokemon-Showdown\.lib-dist\process-manager.js:111:16)
    at ChildProcess.QueryProcessWrapper.process.on (C:\Users\Swanton\Downloads\Pokemon-Showdown\.lib-dist\process-manager.js:77:9)
    at ChildProcess.emit (events.js:189:13)
    at ChildProcess.EventEmitter.emit (domain.js:441:20)
    at finish (internal/child_process.js:805:14)
    at process._tickCallback (internal/process/next_tick.js:61:11)

C:\Users\Swanton\Downloads\Pokemon-Showdown\data\mods\prism\moves.js:1764
			if (!target.runImmunity('Ground')) return 0
			    ^

SyntaxError: Unexpected token !
    at new Script (vm.js:80:7)
    at createScript (vm.js:274:10)
    at Object.runInThisContext (vm.js:326:10)
    at Module._compile (internal/modules/cjs/loader.js:664:28)
    at Object.Module._extensions..js (internal/modules/cjs/loader.js:712:10)
    at Module.load (internal/modules/cjs/loader.js:600:32)
    at tryModuleLoad (internal/modules/cjs/loader.js:539:12)
    at Function.Module._load (internal/modules/cjs/loader.js:531:3)
    at Module.require (internal/modules/cjs/loader.js:637:17)
    at require (internal/modules/cjs/helpers.js:22:18)

Additional information:
  formatid = gen5prism
  team = Azumarill||||surf||,4,,,,||,0,,,,|||]Umbreon||||voidsphere||4,,,,,|||||]Phancero|||download|prismspray||,4,,,,|||||


C:\Users\Swanton\Downloads\Pokemon-Showdown\data\mods\prism\moves.js:1767
        	target: "normal",
        	      ^

SyntaxError: Unexpected token :
    at new Script (vm.js:80:7)
    at createScript (vm.js:274:10)
    at Object.runInThisContext (vm.js:326:10)
    at Module._compile (internal/modules/cjs/loader.js:664:28)
    at Object.Module._extensions..js (internal/modules/cjs/loader.js:712:10)
    at Module.load (internal/modules/cjs/loader.js:600:32)
    at tryModuleLoad (internal/modules/cjs/loader.js:539:12)
    at Function.Module._load (internal/modules/cjs/loader.js:531:3)
    at Module.require (internal/modules/cjs/loader.js:637:17)
    at require (internal/modules/cjs/helpers.js:22:18)

Additional information:
  formatid = gen5prism
  team = Varaneous|||naljofury|lavapool||,4,,,,|||||]Umbreon||||voidsphere||,4,,,,||,0,,,,|||


C:\Users\Swanton\Downloads\Pokemon-Showdown\data\mods\prism\scripts.js:29
		hitStepTypeImmunity(targets, pokemon, move) {
		                                            ^

SyntaxError: Unexpected token {
    at new Script (vm.js:80:7)
    at createScript (vm.js:274:10)
    at Object.runInThisContext (vm.js:326:10)
    at Module._compile (internal/modules/cjs/loader.js:664:28)
    at Object.Module._extensions..js (internal/modules/cjs/loader.js:712:10)
    at Module.load (internal/modules/cjs/loader.js:600:32)
    at tryModuleLoad (internal/modules/cjs/loader.js:539:12)
    at Function.Module._load (internal/modules/cjs/loader.js:531:3)
    at Module.require (internal/modules/cjs/loader.js:637:17)
    at require (internal/modules/cjs/helpers.js:22:18)

Additional information:
  formatid = gen5prism
  team = Varaneous|||naljofury|lavapool||,4,,,,|||||]Umbreon||||voidsphere||,4,,,,||,0,,,,|||


Error [ERR_IPC_DISCONNECTED]: IPC channel is already disconnected
    at ChildProcess.target.disconnect (internal/child_process.js:776:26)
    at StreamProcessWrapper.destroy (C:\Users\Swanton\Downloads\Pokemon-Showdown\.lib-dist\process-manager.js:214:16)
    at ChildProcess.StreamProcessWrapper.process.on (C:\Users\Swanton\Downloads\Pokemon-Showdown\.lib-dist\process-manager.js:175:9)
    at ChildProcess.emit (events.js:189:13)
    at ChildProcess.EventEmitter.emit (domain.js:441:20)
    at finish (internal/child_process.js:805:14)
    at process._tickCallback (internal/process/next_tick.js:61:11)

Error [ERR_IPC_DISCONNECTED]: IPC channel is already disconnected
    at ChildProcess.target.disconnect (internal/child_process.js:776:26)
    at QueryProcessWrapper.destroy (C:\Users\Swanton\Downloads\Pokemon-Showdown\.lib-dist\process-manager.js:111:16)
    at ChildProcess.QueryProcessWrapper.process.on (C:\Users\Swanton\Downloads\Pokemon-Showdown\.lib-dist\process-manager.js:77:9)
    at ChildProcess.emit (events.js:189:13)
    at ChildProcess.EventEmitter.emit (domain.js:441:20)
    at finish (internal/child_process.js:805:14)
    at process._tickCallback (internal/process/next_tick.js:61:11)

Error [ERR_IPC_DISCONNECTED]: IPC channel is already disconnected
    at ChildProcess.target.disconnect (internal/child_process.js:776:26)
    at QueryProcessWrapper.destroy (C:\Users\Swanton\Downloads\Pokemon-Showdown\.lib-dist\process-manager.js:111:16)
    at ChildProcess.QueryProcessWrapper.process.on (C:\Users\Swanton\Downloads\Pokemon-Showdown\.lib-dist\process-manager.js:77:9)
    at ChildProcess.emit (events.js:189:13)
    at ChildProcess.EventEmitter.emit (domain.js:441:20)
    at finish (internal/child_process.js:805:14)
    at process._tickCallback (internal/process/next_tick.js:61:11)

Error [ERR_IPC_DISCONNECTED]: IPC channel is already disconnected
    at ChildProcess.target.disconnect (internal/child_process.js:776:26)
    at QueryProcessWrapper.destroy (C:\Users\Swanton\Downloads\Pokemon-Showdown\.lib-dist\process-manager.js:111:16)
    at ChildProcess.QueryProcessWrapper.process.on (C:\Users\Swanton\Downloads\Pokemon-Showdown\.lib-dist\process-manager.js:77:9)
    at ChildProcess.emit (events.js:189:13)
    at ChildProcess.EventEmitter.emit (domain.js:441:20)
    at finish (internal/child_process.js:805:14)
    at process._tickCallback (internal/process/next_tick.js:61:11)

Error [ERR_IPC_DISCONNECTED]: IPC channel is already disconnected
    at ChildProcess.target.disconnect (internal/child_process.js:776:26)
    at QueryProcessWrapper.destroy (C:\Users\Swanton\Downloads\Pokemon-Showdown\.lib-dist\process-manager.js:111:16)
    at ChildProcess.QueryProcessWrapper.process.on (C:\Users\Swanton\Downloads\Pokemon-Showdown\.lib-dist\process-manager.js:77:9)
    at ChildProcess.emit (events.js:189:13)
    at ChildProcess.EventEmitter.emit (domain.js:441:20)
    at finish (internal/child_process.js:805:14)
    at process._tickCallback (internal/process/next_tick.js:61:11)

Error [ERR_IPC_DISCONNECTED]: IPC channel is already disconnected
    at ChildProcess.target.disconnect (internal/child_process.js:776:26)
    at StreamProcessWrapper.destroy (C:\Users\Swanton\Downloads\Pokemon-Showdown\.lib-dist\process-manager.js:214:16)
    at ChildProcess.StreamProcessWrapper.process.on (C:\Users\Swanton\Downloads\Pokemon-Showdown\.lib-dist\process-manager.js:175:9)
    at ChildProcess.emit (events.js:189:13)
    at ChildProcess.EventEmitter.emit (domain.js:441:20)
    at finish (internal/child_process.js:805:14)
    at process._tickCallback (internal/process/next_tick.js:61:11)

Error [ERR_IPC_DISCONNECTED]: IPC channel is already disconnected
    at ChildProcess.target.disconnect (internal/child_process.js:776:26)
    at QueryProcessWrapper.destroy (C:\Users\Swanton\Downloads\Pokemon-Showdown\.lib-dist\process-manager.js:111:16)
    at ChildProcess.QueryProcessWrapper.process.on (C:\Users\Swanton\Downloads\Pokemon-Showdown\.lib-dist\process-manager.js:77:9)
    at ChildProcess.emit (events.js:189:13)
    at ChildProcess.EventEmitter.emit (domain.js:441:20)
    at finish (internal/child_process.js:805:14)
    at process._tickCallback (internal/process/next_tick.js:61:11)

Error [ERR_IPC_DISCONNECTED]: IPC channel is already disconnected
    at ChildProcess.target.disconnect (internal/child_process.js:776:26)
    at QueryProcessWrapper.destroy (C:\Users\Swanton\Downloads\Pokemon-Showdown\.lib-dist\process-manager.js:111:16)
    at ChildProcess.QueryProcessWrapper.process.on (C:\Users\Swanton\Downloads\Pokemon-Showdown\.lib-dist\process-manager.js:77:9)
    at ChildProcess.emit (events.js:189:13)
    at ChildProcess.EventEmitter.emit (domain.js:441:20)
    at finish (internal/child_process.js:805:14)
    at process._tickCallback (internal/process/next_tick.js:61:11)

Error [ERR_IPC_DISCONNECTED]: IPC channel is already disconnected
    at ChildProcess.target.disconnect (internal/child_process.js:776:26)
    at QueryProcessWrapper.destroy (C:\Users\Swanton\Downloads\Pokemon-Showdown\.lib-dist\process-manager.js:111:16)
    at ChildProcess.QueryProcessWrapper.process.on (C:\Users\Swanton\Downloads\Pokemon-Showdown\.lib-dist\process-manager.js:77:9)
    at ChildProcess.emit (events.js:189:13)
    at ChildProcess.EventEmitter.emit (domain.js:441:20)
    at finish (internal/child_process.js:805:14)
    at process._tickCallback (internal/process/next_tick.js:61:11)

Error [ERR_IPC_DISCONNECTED]: IPC channel is already disconnected
    at ChildProcess.target.disconnect (internal/child_process.js:776:26)
    at QueryProcessWrapper.destroy (C:\Users\Swanton\Downloads\Pokemon-Showdown\.lib-dist\process-manager.js:111:16)
    at ChildProcess.QueryProcessWrapper.process.on (C:\Users\Swanton\Downloads\Pokemon-Showdown\.lib-dist\process-manager.js:77:9)
    at ChildProcess.emit (events.js:189:13)
    at ChildProcess.EventEmitter.emit (domain.js:441:20)
    at finish (internal/child_process.js:805:14)
    at process._tickCallback (internal/process/next_tick.js:61:11)

Error [ERR_IPC_DISCONNECTED]: IPC channel is already disconnected
    at ChildProcess.target.disconnect (internal/child_process.js:776:26)
    at StreamProcessWrapper.destroy (C:\Users\Swanton\Downloads\Pokemon-Showdown\.lib-dist\process-manager.js:214:16)
    at ChildProcess.StreamProcessWrapper.process.on (C:\Users\Swanton\Downloads\Pokemon-Showdown\.lib-dist\process-manager.js:175:9)
    at ChildProcess.emit (events.js:189:13)
    at ChildProcess.EventEmitter.emit (domain.js:441:20)
    at finish (internal/child_process.js:805:14)
    at process._tickCallback (internal/process/next_tick.js:61:11)

Error [ERR_IPC_DISCONNECTED]: IPC channel is already disconnected
    at ChildProcess.target.disconnect (internal/child_process.js:776:26)
    at QueryProcessWrapper.destroy (C:\Users\Swanton\Downloads\Pokemon-Showdown\.lib-dist\process-manager.js:111:16)
    at ChildProcess.QueryProcessWrapper.process.on (C:\Users\Swanton\Downloads\Pokemon-Showdown\.lib-dist\process-manager.js:77:9)
    at ChildProcess.emit (events.js:189:13)
    at ChildProcess.EventEmitter.emit (domain.js:441:20)
    at finish (internal/child_process.js:805:14)
    at process._tickCallback (internal/process/next_tick.js:61:11)

Error [ERR_IPC_DISCONNECTED]: IPC channel is already disconnected
    at ChildProcess.target.disconnect (internal/child_process.js:776:26)
    at QueryProcessWrapper.destroy (C:\Users\Swanton\Downloads\Pokemon-Showdown\.lib-dist\process-manager.js:111:16)
    at ChildProcess.QueryProcessWrapper.process.on (C:\Users\Swanton\Downloads\Pokemon-Showdown\.lib-dist\process-manager.js:77:9)
    at ChildProcess.emit (events.js:189:13)
    at ChildProcess.EventEmitter.emit (domain.js:441:20)
    at finish (internal/child_process.js:805:14)
    at process._tickCallback (internal/process/next_tick.js:61:11)

Error [ERR_IPC_DISCONNECTED]: IPC channel is already disconnected
    at ChildProcess.target.disconnect (internal/child_process.js:776:26)
    at QueryProcessWrapper.destroy (C:\Users\Swanton\Downloads\Pokemon-Showdown\.lib-dist\process-manager.js:111:16)
    at ChildProcess.QueryProcessWrapper.process.on (C:\Users\Swanton\Downloads\Pokemon-Showdown\.lib-dist\process-manager.js:77:9)
    at ChildProcess.emit (events.js:189:13)
    at ChildProcess.EventEmitter.emit (domain.js:441:20)
    at finish (internal/child_process.js:805:14)
    at process._tickCallback (internal/process/next_tick.js:61:11)

Error [ERR_IPC_DISCONNECTED]: IPC channel is already disconnected
    at ChildProcess.target.disconnect (internal/child_process.js:776:26)
    at QueryProcessWrapper.destroy (C:\Users\Swanton\Downloads\Pokemon-Showdown\.lib-dist\process-manager.js:111:16)
    at ChildProcess.QueryProcessWrapper.process.on (C:\Users\Swanton\Downloads\Pokemon-Showdown\.lib-dist\process-manager.js:77:9)
    at ChildProcess.emit (events.js:189:13)
    at ChildProcess.EventEmitter.emit (domain.js:441:20)
    at finish (internal/child_process.js:805:14)
    at process._tickCallback (internal/process/next_tick.js:61:11)

Error [ERR_IPC_DISCONNECTED]: IPC channel is already disconnected
    at ChildProcess.target.disconnect (internal/child_process.js:776:26)
    at StreamProcessWrapper.destroy (C:\Users\Swanton\Downloads\Pokemon-Showdown\.lib-dist\process-manager.js:214:16)
    at ChildProcess.StreamProcessWrapper.process.on (C:\Users\Swanton\Downloads\Pokemon-Showdown\.lib-dist\process-manager.js:175:9)
    at ChildProcess.emit (events.js:189:13)
    at ChildProcess.EventEmitter.emit (domain.js:441:20)
    at finish (internal/child_process.js:805:14)
    at process._tickCallback (internal/process/next_tick.js:61:11)

Error [ERR_IPC_DISCONNECTED]: IPC channel is already disconnected
    at ChildProcess.target.disconnect (internal/child_process.js:776:26)
    at QueryProcessWrapper.destroy (C:\Users\Swanton\Downloads\Pokemon-Showdown\.lib-dist\process-manager.js:111:16)
    at ChildProcess.QueryProcessWrapper.process.on (C:\Users\Swanton\Downloads\Pokemon-Showdown\.lib-dist\process-manager.js:77:9)
    at ChildProcess.emit (events.js:189:13)
    at ChildProcess.EventEmitter.emit (domain.js:441:20)
    at finish (internal/child_process.js:805:14)
    at process._tickCallback (internal/process/next_tick.js:61:11)

Error [ERR_IPC_DISCONNECTED]: IPC channel is already disconnected
    at ChildProcess.target.disconnect (internal/child_process.js:776:26)
    at QueryProcessWrapper.destroy (C:\Users\Swanton\Downloads\Pokemon-Showdown\.lib-dist\process-manager.js:111:16)
    at ChildProcess.QueryProcessWrapper.process.on (C:\Users\Swanton\Downloads\Pokemon-Showdown\.lib-dist\process-manager.js:77:9)
    at ChildProcess.emit (events.js:189:13)
    at ChildProcess.EventEmitter.emit (domain.js:441:20)
    at finish (internal/child_process.js:805:14)
    at process._tickCallback (internal/process/next_tick.js:61:11)

Error [ERR_IPC_DISCONNECTED]: IPC channel is already disconnected
    at ChildProcess.target.disconnect (internal/child_process.js:776:26)
    at QueryProcessWrapper.destroy (C:\Users\Swanton\Downloads\Pokemon-Showdown\.lib-dist\process-manager.js:111:16)
    at ChildProcess.QueryProcessWrapper.process.on (C:\Users\Swanton\Downloads\Pokemon-Showdown\.lib-dist\process-manager.js:77:9)
    at ChildProcess.emit (events.js:189:13)
    at ChildProcess.EventEmitter.emit (domain.js:441:20)
    at finish (internal/child_process.js:805:14)
    at process._tickCallback (internal/process/next_tick.js:61:11)

Error [ERR_IPC_DISCONNECTED]: IPC channel is already disconnected
    at ChildProcess.target.disconnect (internal/child_process.js:776:26)
    at QueryProcessWrapper.destroy (C:\Users\Swanton\Downloads\Pokemon-Showdown\.lib-dist\process-manager.js:111:16)
    at ChildProcess.QueryProcessWrapper.process.on (C:\Users\Swanton\Downloads\Pokemon-Showdown\.lib-dist\process-manager.js:77:9)
    at ChildProcess.emit (events.js:189:13)
    at ChildProcess.EventEmitter.emit (domain.js:441:20)
    at finish (internal/child_process.js:805:14)
    at process._tickCallback (internal/process/next_tick.js:61:11)

Error [ERR_IPC_DISCONNECTED]: IPC channel is already disconnected
    at ChildProcess.target.disconnect (internal/child_process.js:776:26)
    at QueryProcessWrapper.destroy (C:\Users\Swanton\Downloads\Pokemon-Showdown\.lib-dist\process-manager.js:111:16)
    at ChildProcess.QueryProcessWrapper.process.on (C:\Users\Swanton\Downloads\Pokemon-Showdown\.lib-dist\process-manager.js:77:9)
    at ChildProcess.emit (events.js:189:13)
    at ChildProcess.EventEmitter.emit (domain.js:441:20)
    at finish (internal/child_process.js:805:14)
    at process._tickCallback (internal/process/next_tick.js:61:11)

Error: Worker 1 abruptly died with code 3221225786 and signal null
    at EventEmitter.cluster.on (C:\Users\Swanton\Downloads\Pokemon-Showdown\server\sockets.js:90:21)
    at EventEmitter.emit (events.js:189:13)
    at EventEmitter.emit (domain.js:441:20)
    at ChildProcess.worker.process.once (internal/cluster/master.js:193:13)
    at Object.onceWrapper (events.js:277:13)
    at ChildProcess.emit (events.js:189:13)
    at ChildProcess.EventEmitter.emit (domain.js:441:20)
    at Process.ChildProcess._handle.onexit (internal/child_process.js:248:12)

Error [ERR_IPC_DISCONNECTED]: IPC channel is already disconnected
    at ChildProcess.target.disconnect (internal/child_process.js:776:26)
    at QueryProcessWrapper.destroy (C:\Users\Swanton\Downloads\Pokemon-Showdown\.lib-dist\process-manager.js:111:16)
    at ChildProcess.QueryProcessWrapper.process.on (C:\Users\Swanton\Downloads\Pokemon-Showdown\.lib-dist\process-manager.js:77:9)
    at ChildProcess.emit (events.js:189:13)
    at ChildProcess.EventEmitter.emit (domain.js:441:20)
    at finish (internal/child_process.js:805:14)
    at process._tickCallback (internal/process/next_tick.js:61:11)

Error [ERR_IPC_DISCONNECTED]: IPC channel is already disconnected
    at ChildProcess.target.disconnect (internal/child_process.js:776:26)
    at StreamProcessWrapper.destroy (C:\Users\Swanton\Downloads\Pokemon-Showdown\.lib-dist\process-manager.js:214:16)
    at ChildProcess.StreamProcessWrapper.process.on (C:\Users\Swanton\Downloads\Pokemon-Showdown\.lib-dist\process-manager.js:175:9)
    at ChildProcess.emit (events.js:189:13)
    at ChildProcess.EventEmitter.emit (domain.js:441:20)
    at finish (internal/child_process.js:805:14)
    at process._tickCallback (internal/process/next_tick.js:61:11)

Error [ERR_IPC_DISCONNECTED]: IPC channel is already disconnected
    at ChildProcess.target.disconnect (internal/child_process.js:776:26)
    at StreamProcessWrapper.destroy (C:\Users\Swanton\Downloads\Pokemon-Showdown\.lib-dist\process-manager.js:214:16)
    at ChildProcess.StreamProcessWrapper.process.on (C:\Users\Swanton\Downloads\Pokemon-Showdown\.lib-dist\process-manager.js:175:9)
    at ChildProcess.emit (events.js:189:13)
    at ChildProcess.EventEmitter.emit (domain.js:441:20)
    at finish (internal/child_process.js:805:14)
    at process._tickCallback (internal/process/next_tick.js:61:11)

Error [ERR_IPC_DISCONNECTED]: IPC channel is already disconnected
    at ChildProcess.target.disconnect (internal/child_process.js:776:26)
    at QueryProcessWrapper.destroy (C:\Users\Swanton\Downloads\Pokemon-Showdown\.lib-dist\process-manager.js:111:16)
    at ChildProcess.QueryProcessWrapper.process.on (C:\Users\Swanton\Downloads\Pokemon-Showdown\.lib-dist\process-manager.js:77:9)
    at ChildProcess.emit (events.js:189:13)
    at ChildProcess.EventEmitter.emit (domain.js:441:20)
    at finish (internal/child_process.js:805:14)
    at process._tickCallback (internal/process/next_tick.js:61:11)

Error [ERR_IPC_DISCONNECTED]: IPC channel is already disconnected
    at ChildProcess.target.disconnect (internal/child_process.js:776:26)
    at QueryProcessWrapper.destroy (C:\Users\Swanton\Downloads\Pokemon-Showdown\.lib-dist\process-manager.js:111:16)
    at ChildProcess.QueryProcessWrapper.process.on (C:\Users\Swanton\Downloads\Pokemon-Showdown\.lib-dist\process-manager.js:77:9)
    at ChildProcess.emit (events.js:189:13)
    at ChildProcess.EventEmitter.emit (domain.js:441:20)
    at finish (internal/child_process.js:805:14)
    at process._tickCallback (internal/process/next_tick.js:61:11)

Error [ERR_IPC_DISCONNECTED]: IPC channel is already disconnected
    at ChildProcess.target.disconnect (internal/child_process.js:776:26)
    at QueryProcessWrapper.destroy (C:\Users\Swanton\Downloads\Pokemon-Showdown\.lib-dist\process-manager.js:111:16)
    at ChildProcess.QueryProcessWrapper.process.on (C:\Users\Swanton\Downloads\Pokemon-Showdown\.lib-dist\process-manager.js:77:9)
    at ChildProcess.emit (events.js:189:13)
    at ChildProcess.EventEmitter.emit (domain.js:441:20)
    at finish (internal/child_process.js:805:14)
    at process._tickCallback (internal/process/next_tick.js:61:11)

Error [ERR_IPC_DISCONNECTED]: IPC channel is already disconnected
    at ChildProcess.target.disconnect (internal/child_process.js:776:26)
    at StreamProcessWrapper.destroy (C:\Users\Swanton\Downloads\Pokemon-Showdown\.lib-dist\process-manager.js:214:16)
    at ChildProcess.StreamProcessWrapper.process.on (C:\Users\Swanton\Downloads\Pokemon-Showdown\.lib-dist\process-manager.js:175:9)
    at ChildProcess.emit (events.js:189:13)
    at ChildProcess.EventEmitter.emit (domain.js:441:20)
    at finish (internal/child_process.js:805:14)
    at process._tickCallback (internal/process/next_tick.js:61:11)

Error [ERR_IPC_DISCONNECTED]: IPC channel is already disconnected
    at ChildProcess.target.disconnect (internal/child_process.js:776:26)
    at QueryProcessWrapper.destroy (C:\Users\Swanton\Downloads\Pokemon-Showdown\.lib-dist\process-manager.js:111:16)
    at ChildProcess.QueryProcessWrapper.process.on (C:\Users\Swanton\Downloads\Pokemon-Showdown\.lib-dist\process-manager.js:77:9)
    at ChildProcess.emit (events.js:189:13)
    at ChildProcess.EventEmitter.emit (domain.js:441:20)
    at finish (internal/child_process.js:805:14)
    at process._tickCallback (internal/process/next_tick.js:61:11)

Error [ERR_IPC_DISCONNECTED]: IPC channel is already disconnected
    at ChildProcess.target.disconnect (internal/child_process.js:776:26)
    at QueryProcessWrapper.destroy (C:\Users\Swanton\Downloads\Pokemon-Showdown\.lib-dist\process-manager.js:111:16)
    at ChildProcess.QueryProcessWrapper.process.on (C:\Users\Swanton\Downloads\Pokemon-Showdown\.lib-dist\process-manager.js:77:9)
    at ChildProcess.emit (events.js:189:13)
    at ChildProcess.EventEmitter.emit (domain.js:441:20)
    at finish (internal/child_process.js:805:14)
    at process._tickCallback (internal/process/next_tick.js:61:11)

Error [ERR_IPC_DISCONNECTED]: IPC channel is already disconnected
    at ChildProcess.target.disconnect (internal/child_process.js:776:26)
    at QueryProcessWrapper.destroy (C:\Users\Swanton\Downloads\Pokemon-Showdown\.lib-dist\process-manager.js:111:16)
    at ChildProcess.QueryProcessWrapper.process.on (C:\Users\Swanton\Downloads\Pokemon-Showdown\.lib-dist\process-manager.js:77:9)
    at ChildProcess.emit (events.js:189:13)
    at ChildProcess.EventEmitter.emit (domain.js:441:20)
    at finish (internal/child_process.js:805:14)
    at process._tickCallback (internal/process/next_tick.js:61:11)

Error [ERR_IPC_DISCONNECTED]: IPC channel is already disconnected
    at ChildProcess.target.disconnect (internal/child_process.js:776:26)
    at StreamProcessWrapper.destroy (C:\Users\Swanton\Downloads\Pokemon-Showdown\.lib-dist\process-manager.js:214:16)
    at ChildProcess.StreamProcessWrapper.process.on (C:\Users\Swanton\Downloads\Pokemon-Showdown\.lib-dist\process-manager.js:175:9)
    at ChildProcess.emit (events.js:189:13)
    at ChildProcess.EventEmitter.emit (domain.js:441:20)
    at finish (internal/child_process.js:805:14)
    at process._tickCallback (internal/process/next_tick.js:61:11)

Error [ERR_IPC_DISCONNECTED]: IPC channel is already disconnected
    at ChildProcess.target.disconnect (internal/child_process.js:776:26)
    at QueryProcessWrapper.destroy (C:\Users\Swanton\Downloads\Pokemon-Showdown\.lib-dist\process-manager.js:111:16)
    at ChildProcess.QueryProcessWrapper.process.on (C:\Users\Swanton\Downloads\Pokemon-Showdown\.lib-dist\process-manager.js:77:9)
    at ChildProcess.emit (events.js:189:13)
    at ChildProcess.EventEmitter.emit (domain.js:441:20)
    at finish (internal/child_process.js:805:14)
    at process._tickCallback (internal/process/next_tick.js:61:11)

Error: Worker 1 abruptly died with code 3221225786 and signal null
    at EventEmitter.cluster.on (C:\Users\Swanton\Downloads\Pokemon-Showdown\server\sockets.js:90:21)
    at EventEmitter.emit (events.js:189:13)
    at EventEmitter.emit (domain.js:441:20)
    at ChildProcess.worker.process.once (internal/cluster/master.js:193:13)
    at Object.onceWrapper (events.js:277:13)
    at ChildProcess.emit (events.js:189:13)
    at ChildProcess.EventEmitter.emit (domain.js:441:20)
    at Process.ChildProcess._handle.onexit (internal/child_process.js:248:12)

Error [ERR_IPC_DISCONNECTED]: IPC channel is already disconnected
    at ChildProcess.target.disconnect (internal/child_process.js:776:26)
    at QueryProcessWrapper.destroy (C:\Users\Swanton\Downloads\Pokemon-Showdown\.lib-dist\process-manager.js:111:16)
    at ChildProcess.QueryProcessWrapper.process.on (C:\Users\Swanton\Downloads\Pokemon-Showdown\.lib-dist\process-manager.js:77:9)
    at ChildProcess.emit (events.js:189:13)
    at ChildProcess.EventEmitter.emit (domain.js:441:20)
    at finish (internal/child_process.js:805:14)
    at process._tickCallback (internal/process/next_tick.js:61:11)

Error [ERR_IPC_DISCONNECTED]: IPC channel is already disconnected
    at ChildProcess.target.disconnect (internal/child_process.js:776:26)
    at QueryProcessWrapper.destroy (C:\Users\Swanton\Downloads\Pokemon-Showdown\.lib-dist\process-manager.js:111:16)
    at ChildProcess.QueryProcessWrapper.process.on (C:\Users\Swanton\Downloads\Pokemon-Showdown\.lib-dist\process-manager.js:77:9)
    at ChildProcess.emit (events.js:189:13)
    at ChildProcess.EventEmitter.emit (domain.js:441:20)
    at finish (internal/child_process.js:805:14)
    at process._tickCallback (internal/process/next_tick.js:61:11)

Error [ERR_IPC_DISCONNECTED]: IPC channel is already disconnected
    at ChildProcess.target.disconnect (internal/child_process.js:776:26)
    at QueryProcessWrapper.destroy (C:\Users\Swanton\Downloads\Pokemon-Showdown\.lib-dist\process-manager.js:111:16)
    at ChildProcess.QueryProcessWrapper.process.on (C:\Users\Swanton\Downloads\Pokemon-Showdown\.lib-dist\process-manager.js:77:9)
    at ChildProcess.emit (events.js:189:13)
    at ChildProcess.EventEmitter.emit (domain.js:441:20)
    at finish (internal/child_process.js:805:14)
    at process._tickCallback (internal/process/next_tick.js:61:11)

C:\Users\Swanton\Downloads\Pokemon-Showdown\data\mods\scratchmons\moves.js:1
(function (exports, require, module, __filename, __dirname) { "oilsling": {
                                                                        ^

SyntaxError: Unexpected token :
    at new Script (vm.js:80:7)
    at createScript (vm.js:274:10)
    at Object.runInThisContext (vm.js:326:10)
    at Module._compile (internal/modules/cjs/loader.js:664:28)
    at Object.Module._extensions..js (internal/modules/cjs/loader.js:712:10)
    at Module.load (internal/modules/cjs/loader.js:600:32)
    at tryModuleLoad (internal/modules/cjs/loader.js:539:12)
    at Function.Module._load (internal/modules/cjs/loader.js:531:3)
    at Module.require (internal/modules/cjs/loader.js:637:17)
    at require (internal/modules/cjs/helpers.js:22:18)

Additional information:
  formatid = gen7scratchmons
  team = Frakvern|||mineralcomposition|oilsling||||,4,,,,|||


C:\Users\Swanton\Downloads\Pokemon-Showdown\data\mods\scratchmons\moves.js:3
		accuracy: 100,
		        ^

SyntaxError: Unexpected token :
    at new Script (vm.js:80:7)
    at createScript (vm.js:274:10)
    at Object.runInThisContext (vm.js:326:10)
    at Module._compile (internal/modules/cjs/loader.js:664:28)
    at Object.Module._extensions..js (internal/modules/cjs/loader.js:712:10)
    at Module.load (internal/modules/cjs/loader.js:600:32)
    at tryModuleLoad (internal/modules/cjs/loader.js:539:12)
    at Function.Module._load (internal/modules/cjs/loader.js:531:3)
    at Module.require (internal/modules/cjs/loader.js:637:17)
    at require (internal/modules/cjs/helpers.js:22:18)

Additional information:
  formatid = gen7scratchmons
  team = Frakvern|||mineralcomposition|oilsling||||,4,,,,|||


C:\Users\Swanton\Downloads\Pokemon-Showdown\data\mods\scratchmons\moves.js:3
		accuracy: 100,
		        ^

SyntaxError: Unexpected token :
    at new Script (vm.js:80:7)
    at createScript (vm.js:274:10)
    at Object.runInThisContext (vm.js:326:10)
    at Module._compile (internal/modules/cjs/loader.js:664:28)
    at Object.Module._extensions..js (internal/modules/cjs/loader.js:712:10)
    at Module.load (internal/modules/cjs/loader.js:600:32)
    at tryModuleLoad (internal/modules/cjs/loader.js:539:12)
    at Function.Module._load (internal/modules/cjs/loader.js:531:3)
    at Module.require (internal/modules/cjs/loader.js:637:17)
    at require (internal/modules/cjs/helpers.js:22:18)

Additional information:
  formatid = gen7scratchmons
  team = Frakvern|||mineralcomposition|oilsling||||,4,,,,|||


C:\Users\Swanton\Downloads\Pokemon-Showdown\data\mods\scratchmons\moves.js:3
		num: 743,
		   ^

SyntaxError: Unexpected token :
    at new Script (vm.js:80:7)
    at createScript (vm.js:274:10)
    at Object.runInThisContext (vm.js:326:10)
    at Module._compile (internal/modules/cjs/loader.js:664:28)
    at Object.Module._extensions..js (internal/modules/cjs/loader.js:712:10)
    at Module.load (internal/modules/cjs/loader.js:600:32)
    at tryModuleLoad (internal/modules/cjs/loader.js:539:12)
    at Function.Module._load (internal/modules/cjs/loader.js:531:3)
    at Module.require (internal/modules/cjs/loader.js:637:17)
    at require (internal/modules/cjs/helpers.js:22:18)

Additional information:
  formatid = gen7scratchmons
  team = Frakvern|||mineralcomposition|oilsling||||,4,,,,|||


C:\Users\Swanton\Downloads\Pokemon-Showdown\data\mods\scratchmons\moves.js:26
	},
	 ^

SyntaxError: Unexpected token ,
    at new Script (vm.js:80:7)
    at createScript (vm.js:274:10)
    at Object.runInThisContext (vm.js:326:10)
    at Module._compile (internal/modules/cjs/loader.js:664:28)
    at Object.Module._extensions..js (internal/modules/cjs/loader.js:712:10)
    at Module.load (internal/modules/cjs/loader.js:600:32)
    at tryModuleLoad (internal/modules/cjs/loader.js:539:12)
    at Function.Module._load (internal/modules/cjs/loader.js:531:3)
    at Module.require (internal/modules/cjs/loader.js:637:17)
    at require (internal/modules/cjs/helpers.js:22:18)

Additional information:
  formatid = gen7scratchmons
  team = Frakvern|||mineralcomposition|oilsling||||,4,,,,|||


ReferenceError: BattleMovedex is not defined
    at Object.<anonymous> (C:\Users\Swanton\Downloads\Pokemon-Showdown\data\mods\scratchmons\moves.js:28:25)
    at Module._compile (internal/modules/cjs/loader.js:701:30)
    at Object.Module._extensions..js (internal/modules/cjs/loader.js:712:10)
    at Module.load (internal/modules/cjs/loader.js:600:32)
    at tryModuleLoad (internal/modules/cjs/loader.js:539:12)
    at Function.Module._load (internal/modules/cjs/loader.js:531:3)
    at Module.require (internal/modules/cjs/loader.js:637:17)
    at require (internal/modules/cjs/helpers.js:22:18)
    at ModdedDex.loadDataFile (C:\Users\Swanton\Downloads\Pokemon-Showdown\.sim-dist\dex.js:1306:23)
    at ModdedDex.loadData (C:\Users\Swanton\Downloads\Pokemon-Showdown\.sim-dist\dex.js:1372:28)

Additional information:
  formatid = gen7scratchmons
  team = Frakvern|||mineralcomposition|oilsling||||,4,,,,|||


ReferenceError: BattleMovedex is not defined
    at Object.<anonymous> (C:\Users\Swanton\Downloads\Pokemon-Showdown\data\mods\scratchmons\moves.js:29:25)
    at Module._compile (internal/modules/cjs/loader.js:701:30)
    at Object.Module._extensions..js (internal/modules/cjs/loader.js:712:10)
    at Module.load (internal/modules/cjs/loader.js:600:32)
    at tryModuleLoad (internal/modules/cjs/loader.js:539:12)
    at Function.Module._load (internal/modules/cjs/loader.js:531:3)
    at Module.require (internal/modules/cjs/loader.js:637:17)
    at require (internal/modules/cjs/helpers.js:22:18)
    at ModdedDex.loadDataFile (C:\Users\Swanton\Downloads\Pokemon-Showdown\.sim-dist\dex.js:1306:23)
    at ModdedDex.loadData (C:\Users\Swanton\Downloads\Pokemon-Showdown\.sim-dist\dex.js:1372:28)

Additional information:
  formatid = gen7scratchmons
  team = Frakvern|||mineralcomposition|oilsling||||,4,,,,|||


ReferenceError: N is not defined
    at Object.<anonymous> (C:\Users\Swanton\Downloads\Pokemon-Showdown\data\mods\scratchmons\pokedex.js:9:17)
    at Module._compile (internal/modules/cjs/loader.js:701:30)
    at Object.Module._extensions..js (internal/modules/cjs/loader.js:712:10)
    at Module.load (internal/modules/cjs/loader.js:600:32)
    at tryModuleLoad (internal/modules/cjs/loader.js:539:12)
    at Function.Module._load (internal/modules/cjs/loader.js:531:3)
    at Module.require (internal/modules/cjs/loader.js:637:17)
    at require (internal/modules/cjs/helpers.js:22:18)
    at ModdedDex.loadDataFile (C:\Users\Swanton\Downloads\Pokemon-Showdown\.sim-dist\dex.js:1306:23)
    at ModdedDex.loadData (C:\Users\Swanton\Downloads\Pokemon-Showdown\.sim-dist\dex.js:1372:28)

Additional information:
  formatid = gen7scratchmons
  team = Frakvern|||mineralcomposition|oilsling||||,4,,,,|||


C:\Users\Swanton\Downloads\Pokemon-Showdown\data\mods\scratchmons\pokedex.js:9
		gender: {"N"},
		            ^

SyntaxError: Unexpected token }
    at new Script (vm.js:80:7)
    at createScript (vm.js:274:10)
    at Object.runInThisContext (vm.js:326:10)
    at Module._compile (internal/modules/cjs/loader.js:664:28)
    at Object.Module._extensions..js (internal/modules/cjs/loader.js:712:10)
    at Module.load (internal/modules/cjs/loader.js:600:32)
    at tryModuleLoad (internal/modules/cjs/loader.js:539:12)
    at Function.Module._load (internal/modules/cjs/loader.js:531:3)
    at Module.require (internal/modules/cjs/loader.js:637:17)
    at require (internal/modules/cjs/helpers.js:22:18)

Additional information:
  formatid = gen7scratchmons
  team = Frakvern|||mineralcomposition|oilsling||||,4,,,,|||


Error [ERR_IPC_DISCONNECTED]: IPC channel is already disconnected
    at ChildProcess.target.disconnect (internal/child_process.js:776:26)
    at StreamProcessWrapper.destroy (C:\Users\Swanton\Downloads\Pokemon-Showdown\.lib-dist\process-manager.js:214:16)
    at ChildProcess.StreamProcessWrapper.process.on (C:\Users\Swanton\Downloads\Pokemon-Showdown\.lib-dist\process-manager.js:175:9)
    at ChildProcess.emit (events.js:189:13)
    at ChildProcess.EventEmitter.emit (domain.js:441:20)
    at finish (internal/child_process.js:805:14)
    at process._tickCallback (internal/process/next_tick.js:61:11)

C:\Users\Swanton\Downloads\Pokemon-Showdown\data\mods\prism\items.js:22
		onModifyAtk(atk) {
		^^^^^^^^^^^

SyntaxError: Unexpected identifier
    at new Script (vm.js:80:7)
    at createScript (vm.js:274:10)
    at Object.runInThisContext (vm.js:326:10)
    at Module._compile (internal/modules/cjs/loader.js:664:28)
    at Object.Module._extensions..js (internal/modules/cjs/loader.js:712:10)
    at Module.load (internal/modules/cjs/loader.js:600:32)
    at tryModuleLoad (internal/modules/cjs/loader.js:539:12)
    at Function.Module._load (internal/modules/cjs/loader.js:531:3)
    at Module.require (internal/modules/cjs/loader.js:637:17)
    at require (internal/modules/cjs/helpers.js:22:18)

Additional information:
  formatid = gen5prism
  team = Garchomp||waterring||earthquake||,4,,,,|||||


C:\Users\Swanton\Downloads\Pokemon-Showdown\data\mods\prism\items.js:28
		onStart: function () { },
		^^^^^^^

SyntaxError: Unexpected identifier
    at new Script (vm.js:80:7)
    at createScript (vm.js:274:10)
    at Object.runInThisContext (vm.js:326:10)
    at Module._compile (internal/modules/cjs/loader.js:664:28)
    at Object.Module._extensions..js (internal/modules/cjs/loader.js:712:10)
    at Module.load (internal/modules/cjs/loader.js:600:32)
    at tryModuleLoad (internal/modules/cjs/loader.js:539:12)
    at Function.Module._load (internal/modules/cjs/loader.js:531:3)
    at Module.require (internal/modules/cjs/loader.js:637:17)
    at require (internal/modules/cjs/helpers.js:22:18)

Additional information:
  formatid = gen5prism
  team = Garchomp||waterring||earthquake||,4,,,,|||||


C:\Users\Swanton\Downloads\Pokemon-Showdown\data\mods\prism\items.js:20
			onModifyAtk(atk) {
			                 ^

SyntaxError: Unexpected token {
    at new Script (vm.js:80:7)
    at createScript (vm.js:274:10)
    at Object.runInThisContext (vm.js:326:10)
    at Module._compile (internal/modules/cjs/loader.js:664:28)
    at Object.Module._extensions..js (internal/modules/cjs/loader.js:712:10)
    at Module.load (internal/modules/cjs/loader.js:600:32)
    at tryModuleLoad (internal/modules/cjs/loader.js:539:12)
    at Function.Module._load (internal/modules/cjs/loader.js:531:3)
    at Module.require (internal/modules/cjs/loader.js:637:17)
    at require (internal/modules/cjs/helpers.js:22:18)

Additional information:
  formatid = gen5prism
  team = Garchomp||waterring||earthquake||,4,,,,|||||


C:\Users\Swanton\Downloads\Pokemon-Showdown\data\mods\prism\items.js:23
			this.boost{(atk: 1)};
			          ^

SyntaxError: Unexpected token {
    at new Script (vm.js:80:7)
    at createScript (vm.js:274:10)
    at Object.runInThisContext (vm.js:326:10)
    at Module._compile (internal/modules/cjs/loader.js:664:28)
    at Object.Module._extensions..js (internal/modules/cjs/loader.js:712:10)
    at Module.load (internal/modules/cjs/loader.js:600:32)
    at tryModuleLoad (internal/modules/cjs/loader.js:539:12)
    at Function.Module._load (internal/modules/cjs/loader.js:531:3)
    at Module.require (internal/modules/cjs/loader.js:637:17)
    at require (internal/modules/cjs/helpers.js:22:18)

Additional information:
  formatid = gen5prism
  team = Garchomp||waterring||earthquake||,4,,,,|||||


Error: bind EADDRINUSE 0.0.0.0:8000
    at listenOnMasterHandle (net.js:1337:16)
    at shared (internal/cluster/child.js:120:3)
    at Worker.send (internal/cluster/child.js:91:7)
    at process.onInternalMessage (internal/cluster/utils.js:45:8)
    at process.emit (events.js:194:15)
    at process.EventEmitter.emit (domain.js:441:20)
    at emit (internal/child_process.js:820:12)
    at process._tickCallback (internal/process/next_tick.js:63:19)

Error: ENOENT: no such file or directory, rename 'C:\Users\Swanton\Downloads\Pokemon-Showdown\config\chat-plugins\spotlights.json.NEW' -> 'C:\Users\Swanton\Downloads\Pokemon-Showdown\config\chat-plugins\spotlights.json'

Error [ERR_IPC_DISCONNECTED]: IPC channel is already disconnected
    at ChildProcess.target.disconnect (internal/child_process.js:776:26)
    at StreamProcessWrapper.destroy (C:\Users\Swanton\Downloads\Pokemon-Showdown\.lib-dist\process-manager.js:214:16)
    at ChildProcess.StreamProcessWrapper.process.on (C:\Users\Swanton\Downloads\Pokemon-Showdown\.lib-dist\process-manager.js:175:9)
    at ChildProcess.emit (events.js:189:13)
    at ChildProcess.EventEmitter.emit (domain.js:441:20)
    at finish (internal/child_process.js:805:14)
    at process._tickCallback (internal/process/next_tick.js:61:11)

Error [ERR_IPC_DISCONNECTED]: IPC channel is already disconnected
    at ChildProcess.target.disconnect (internal/child_process.js:776:26)
    at QueryProcessWrapper.destroy (C:\Users\Swanton\Downloads\Pokemon-Showdown\.lib-dist\process-manager.js:111:16)
    at ChildProcess.QueryProcessWrapper.process.on (C:\Users\Swanton\Downloads\Pokemon-Showdown\.lib-dist\process-manager.js:77:9)
    at ChildProcess.emit (events.js:189:13)
    at ChildProcess.EventEmitter.emit (domain.js:441:20)
    at finish (internal/child_process.js:805:14)
    at process._tickCallback (internal/process/next_tick.js:61:11)

Error [ERR_IPC_DISCONNECTED]: IPC channel is already disconnected
    at ChildProcess.target.disconnect (internal/child_process.js:776:26)
    at QueryProcessWrapper.destroy (C:\Users\Swanton\Downloads\Pokemon-Showdown\.lib-dist\process-manager.js:111:16)
    at ChildProcess.QueryProcessWrapper.process.on (C:\Users\Swanton\Downloads\Pokemon-Showdown\.lib-dist\process-manager.js:77:9)
    at ChildProcess.emit (events.js:189:13)
    at ChildProcess.EventEmitter.emit (domain.js:441:20)
    at finish (internal/child_process.js:805:14)
    at process._tickCallback (internal/process/next_tick.js:61:11)

Error [ERR_IPC_DISCONNECTED]: IPC channel is already disconnected
    at ChildProcess.target.disconnect (internal/child_process.js:776:26)
    at QueryProcessWrapper.destroy (C:\Users\Swanton\Downloads\Pokemon-Showdown\.lib-dist\process-manager.js:111:16)
    at ChildProcess.QueryProcessWrapper.process.on (C:\Users\Swanton\Downloads\Pokemon-Showdown\.lib-dist\process-manager.js:77:9)
    at ChildProcess.emit (events.js:189:13)
    at ChildProcess.EventEmitter.emit (domain.js:441:20)
    at finish (internal/child_process.js:805:14)
    at process._tickCallback (internal/process/next_tick.js:61:11)

Error [ERR_IPC_DISCONNECTED]: IPC channel is already disconnected
    at ChildProcess.target.disconnect (internal/child_process.js:776:26)
    at QueryProcessWrapper.destroy (C:\Users\Swanton\Downloads\Pokemon-Showdown\.lib-dist\process-manager.js:111:16)
    at ChildProcess.QueryProcessWrapper.process.on (C:\Users\Swanton\Downloads\Pokemon-Showdown\.lib-dist\process-manager.js:77:9)
    at ChildProcess.emit (events.js:189:13)
    at ChildProcess.EventEmitter.emit (domain.js:441:20)
    at finish (internal/child_process.js:805:14)
    at process._tickCallback (internal/process/next_tick.js:61:11)

Error [ERR_IPC_DISCONNECTED]: IPC channel is already disconnected
    at ChildProcess.target.disconnect (internal/child_process.js:776:26)
    at QueryProcessWrapper.destroy (C:\Users\Swanton\Downloads\Pokemon-Showdown\.lib-dist\process-manager.js:111:16)
    at ChildProcess.QueryProcessWrapper.process.on (C:\Users\Swanton\Downloads\Pokemon-Showdown\.lib-dist\process-manager.js:77:9)
    at ChildProcess.emit (events.js:189:13)
    at ChildProcess.EventEmitter.emit (domain.js:441:20)
    at finish (internal/child_process.js:805:14)
    at process._tickCallback (internal/process/next_tick.js:61:11)

ReferenceError: pokemon is not defined
    at Battle.onEnd (C:\Users\Swanton\Downloads\Pet-Mod-Palace-Server\data\moves.js:64:29)
    at Battle.singleEvent (C:\Users\Swanton\Downloads\Pet-Mod-Palace-Server\.sim-dist\battle.js:439:25)
    at Pokemon.removeVolatile (C:\Users\Swanton\Downloads\Pet-Mod-Palace-Server\.sim-dist\pokemon.js:1532:15)
    at Battle.residualEvent (C:\Users\Swanton\Downloads\Pet-Mod-Palace-Server\.sim-dist\battle.js:372:18)
    at Battle.runAction (C:\Users\Swanton\Downloads\Pet-Mod-Palace-Server\.sim-dist\battle.js:2655:9)
    at Battle.go (C:\Users\Swanton\Downloads\Pet-Mod-Palace-Server\.sim-dist\battle.js:2740:9)
    at Battle.commitDecisions (C:\Users\Swanton\Downloads\Pet-Mod-Palace-Server\.sim-dist\battle.js:2818:8)
    at Battle.choose (C:\Users\Swanton\Downloads\Pet-Mod-Palace-Server\.sim-dist\battle.js:2775:35)
    at RoomBattleStream._writeLine (C:\Users\Swanton\Downloads\Pet-Mod-Palace-Server\.sim-dist\battle-stream.js:95:17)
    at RoomBattleStream._writeLine (C:\Users\Swanton\Downloads\Pet-Mod-Palace-Server\server\room-battle.js:1138:18)

Additional information:
  chunk = >p1 move 2
  inputLog = 
>version c5c7ce7da69431a1204b7bbaec46760e3b391375
>start {"formatid":"gen5prism","seed":[1374,22429,39268,42231]}
>player p1 {"name":"Petuh_Alt","avatar":"170","team":"Chingling||||finalchance,psychic||,4,,,,|||||"}
>player p2 {"name":"Petuuuhhh","avatar":"101","team":"Chingling||||finalchance,psychic||,4,,,,|||||"}
>p1 move psychic
>p2 move psychic
>p1 move finalchance
>p2 move finalchance
>p1 move psychic
>p2 move psychic
>p1 move psychic
>p2 move psychic
  log = 
|player|p1|Petuh_Alt|170
|player|p2|Petuuuhhh|101
|teamsize|p1|1
|teamsize|p2|1
|gametype|singles
|gen|5
|tier|[Gen 5] Prism
|rule|Sleep Clause Mod: Limit one foe put to sleep
|rule|Species Clause: Limit one of each Pokémon
|rule|OHKO Clause: OHKO moves are banned
|rule|Moody Clause: Moody is banned
|rule|Evasion Moves Clause: Evasion moves are banned
|rule|Endless Battle Clause: Forcing endless battles is banned
|rule|HP Percentage Mod: HP is shown in percentages
|rule|Evasion Abilities Clause: Evasion abilities are banned
|
|start
|switch|p1a: Chingling|Chingling, M|231/231
|switch|p2a: Chingling|Chingling, F|231/231
|turn|1
|
|move|p2a: Chingling|Psychic|p1a: Chingling
|-resisted|p1a: Chingling
|-damage|p1a: Chingling|162/231
|move|p1a: Chingling|Psychic|p2a: Chingling
|-resisted|p2a: Chingling
|-damage|p2a: Chingling|166/231
|
|upkeep
|turn|2
|
|move|p2a: Chingling|Final Chance|p2a: Chingling
|-start|p2a: Chingling|move: Final Chance
|move|p1a: Chingling|Final Chance|p1a: Chingling
|-start|p1a: Chingling|move: Final Chance
|
|-heal|p1a: Chingling|231/231|[from] Final Chance
|-heal|p2a: Chingling|231/231|[from] Final Chance
|upkeep
|turn|3
|
|move|p1a: Chingling|Psychic|p2a: Chingling
|-resisted|p2a: Chingling
|-damage|p2a: Chingling|166/231
|move|p2a: Chingling|Psychic|p1a: Chingling
|-resisted|p1a: Chingling
|-damage|p1a: Chingling|164/231
|
|-heal|p1a: Chingling|231/231|[from] Final Chance
|-heal|p2a: Chingling|231/231|[from] Final Chance
|upkeep
|turn|4
|
|move|p1a: Chingling|Psychic|p2a: Chingling
|-resisted|p2a: Chingling
|-damage|p2a: Chingling|172/231
|move|p2a: Chingling|Psychic|p1a: Chingling
|-resisted|p1a: Chingling
|-damage|p1a: Chingling|171/231
|


TypeError: Cannot read property 'maxhp' of undefined
    at Battle.onEnd (C:\Users\Swanton\Downloads\Pet-Mod-Palace-Server\data\moves.js:64:37)
    at Battle.singleEvent (C:\Users\Swanton\Downloads\Pet-Mod-Palace-Server\.sim-dist\battle.js:439:25)
    at Pokemon.removeVolatile (C:\Users\Swanton\Downloads\Pet-Mod-Palace-Server\.sim-dist\pokemon.js:1532:15)
    at Battle.residualEvent (C:\Users\Swanton\Downloads\Pet-Mod-Palace-Server\.sim-dist\battle.js:372:18)
    at Battle.runAction (C:\Users\Swanton\Downloads\Pet-Mod-Palace-Server\.sim-dist\battle.js:2655:9)
    at Battle.go (C:\Users\Swanton\Downloads\Pet-Mod-Palace-Server\.sim-dist\battle.js:2740:9)
    at Battle.commitDecisions (C:\Users\Swanton\Downloads\Pet-Mod-Palace-Server\.sim-dist\battle.js:2818:8)
    at Battle.choose (C:\Users\Swanton\Downloads\Pet-Mod-Palace-Server\.sim-dist\battle.js:2775:35)
    at RoomBattleStream._writeLine (C:\Users\Swanton\Downloads\Pet-Mod-Palace-Server\.sim-dist\battle-stream.js:95:17)
    at RoomBattleStream._writeLine (C:\Users\Swanton\Downloads\Pet-Mod-Palace-Server\server\room-battle.js:1138:18)

Additional information:
  chunk = >p2 move 2
  inputLog = 
>version c5c7ce7da69431a1204b7bbaec46760e3b391375
>start {"formatid":"gen5prism","seed":[27434,6191,42756,6976]}
>player p1 {"name":"Petuuuhhh","avatar":"101","team":"Chingling||||finalchance,psychic||,4,,,,|||||"}
>player p2 {"name":"Petuh_Alt","avatar":"170","team":"Chingling||||finalchance,psychic||,4,,,,|||||"}
>p1 move psychic
>p2 move psychic
>p1 move finalchance
>p2 move finalchance
>p1 move psychic
>p2 move psychic
>p1 move psychic
>p2 move psychic
  log = 
|player|p1|Petuuuhhh|101
|player|p2|Petuh_Alt|170
|teamsize|p1|1
|teamsize|p2|1
|gametype|singles
|gen|5
|tier|[Gen 5] Prism
|rule|Sleep Clause Mod: Limit one foe put to sleep
|rule|Species Clause: Limit one of each Pokémon
|rule|OHKO Clause: OHKO moves are banned
|rule|Moody Clause: Moody is banned
|rule|Evasion Moves Clause: Evasion moves are banned
|rule|Endless Battle Clause: Forcing endless battles is banned
|rule|HP Percentage Mod: HP is shown in percentages
|rule|Evasion Abilities Clause: Evasion abilities are banned
|
|start
|switch|p1a: Chingling|Chingling, M|231/231
|switch|p2a: Chingling|Chingling, M|231/231
|turn|1
|
|move|p2a: Chingling|Psychic|p1a: Chingling
|-resisted|p1a: Chingling
|-damage|p1a: Chingling|163/231
|move|p1a: Chingling|Psychic|p2a: Chingling
|-resisted|p2a: Chingling
|-damage|p2a: Chingling|167/231
|-unboost|p2a: Chingling|spd|1
|
|upkeep
|turn|2
|
|move|p1a: Chingling|Final Chance|p1a: Chingling
|-start|p1a: Chingling|move: Final Chance
|move|p2a: Chingling|Final Chance|p2a: Chingling
|-start|p2a: Chingling|move: Final Chance
|
|-heal|p1a: Chingling|231/231|[from] Final Chance
|-heal|p2a: Chingling|231/231|[from] Final Chance
|upkeep
|turn|3
|
|move|p1a: Chingling|Psychic|p2a: Chingling
|-resisted|p2a: Chingling
|-damage|p2a: Chingling|130/231
|move|p2a: Chingling|Psychic|p1a: Chingling
|-resisted|p1a: Chingling
|-damage|p1a: Chingling|172/231
|
|-heal|p1a: Chingling|231/231|[from] Final Chance
|-heal|p2a: Chingling|231/231|[from] Final Chance
|upkeep
|turn|4
|
|move|p1a: Chingling|Psychic|p2a: Chingling
|-resisted|p2a: Chingling
|-damage|p2a: Chingling|138/231
|move|p2a: Chingling|Psychic|p1a: Chingling
|-resisted|p1a: Chingling
|-damage|p1a: Chingling|167/231
|


C:\Users\Swanton\Downloads\Pet-Mod-Palace-Server\data\moves.js:19937
};
 ^

SyntaxError: Unexpected token ;
    at new Script (vm.js:80:7)
    at createScript (vm.js:274:10)
    at Object.runInThisContext (vm.js:326:10)
    at Module._compile (internal/modules/cjs/loader.js:664:28)
    at Object.Module._extensions..js (internal/modules/cjs/loader.js:712:10)
    at Module.load (internal/modules/cjs/loader.js:600:32)
    at tryModuleLoad (internal/modules/cjs/loader.js:539:12)
    at Function.Module._load (internal/modules/cjs/loader.js:531:3)
    at Module.require (internal/modules/cjs/loader.js:637:17)
    at require (internal/modules/cjs/helpers.js:22:18)

C:\Users\Swanton\Downloads\Pet-Mod-Palace-Server\data\moves.js:54
			if (!result) return false;
			^^

SyntaxError: Unexpected token if
    at new Script (vm.js:80:7)
    at createScript (vm.js:274:10)
    at Object.runInThisContext (vm.js:326:10)
    at Module._compile (internal/modules/cjs/loader.js:664:28)
    at Object.Module._extensions..js (internal/modules/cjs/loader.js:712:10)
    at Module.load (internal/modules/cjs/loader.js:600:32)
    at tryModuleLoad (internal/modules/cjs/loader.js:539:12)
    at Function.Module._load (internal/modules/cjs/loader.js:531:3)
    at Module.require (internal/modules/cjs/loader.js:637:17)
    at require (internal/modules/cjs/helpers.js:22:18)

C:\Users\Swanton\Downloads\Pet-Mod-Palace-Server\data\moves.js:54
			if (!result) return false;
			^^

SyntaxError: Unexpected token if
    at new Script (vm.js:80:7)
    at createScript (vm.js:274:10)
    at Object.runInThisContext (vm.js:326:10)
    at Module._compile (internal/modules/cjs/loader.js:664:28)
    at Object.Module._extensions..js (internal/modules/cjs/loader.js:712:10)
    at Module.load (internal/modules/cjs/loader.js:600:32)
    at tryModuleLoad (internal/modules/cjs/loader.js:539:12)
    at Function.Module._load (internal/modules/cjs/loader.js:531:3)
    at Module.require (internal/modules/cjs/loader.js:637:17)
    at require (internal/modules/cjs/helpers.js:22:18)

C:\Users\Swanton\Downloads\Pet-Mod-Palace-Server\data\moves.js:54
			if (!result) return false;
			^^

SyntaxError: Unexpected token if
    at new Script (vm.js:80:7)
    at createScript (vm.js:274:10)
    at Object.runInThisContext (vm.js:326:10)
    at Module._compile (internal/modules/cjs/loader.js:664:28)
    at Object.Module._extensions..js (internal/modules/cjs/loader.js:712:10)
    at Module.load (internal/modules/cjs/loader.js:600:32)
    at tryModuleLoad (internal/modules/cjs/loader.js:539:12)
    at Function.Module._load (internal/modules/cjs/loader.js:531:3)
    at Module.require (internal/modules/cjs/loader.js:637:17)
    at require (internal/modules/cjs/helpers.js:22:18)

C:\Users\Swanton\Downloads\Pet-Mod-Palace-Server\data\moves.js:48
            for (const pokemon of this.getAllActive()) {
                 ^^^^^

SyntaxError: Unexpected token const
    at new Script (vm.js:80:7)
    at createScript (vm.js:274:10)
    at Object.runInThisContext (vm.js:326:10)
    at Module._compile (internal/modules/cjs/loader.js:664:28)
    at Object.Module._extensions..js (internal/modules/cjs/loader.js:712:10)
    at Module.load (internal/modules/cjs/loader.js:600:32)
    at tryModuleLoad (internal/modules/cjs/loader.js:539:12)
    at Function.Module._load (internal/modules/cjs/loader.js:531:3)
    at Module.require (internal/modules/cjs/loader.js:637:17)
    at require (internal/modules/cjs/helpers.js:22:18)

C:\Users\Swanton\Downloads\Pet-Mod-Palace-Server\data\moves.js:67
			if (!result) return false;
			^^

SyntaxError: Unexpected token if
    at new Script (vm.js:80:7)
    at createScript (vm.js:274:10)
    at Object.runInThisContext (vm.js:326:10)
    at Module._compile (internal/modules/cjs/loader.js:664:28)
    at Object.Module._extensions..js (internal/modules/cjs/loader.js:712:10)
    at Module.load (internal/modules/cjs/loader.js:600:32)
    at tryModuleLoad (internal/modules/cjs/loader.js:539:12)
    at Function.Module._load (internal/modules/cjs/loader.js:531:3)
    at Module.require (internal/modules/cjs/loader.js:637:17)
    at require (internal/modules/cjs/helpers.js:22:18)

C:\Users\Swanton\Downloads\Pet-Mod-Palace-Server\data\moves.js:65
			if (!result) return false;
			^^

SyntaxError: Unexpected token if
    at new Script (vm.js:80:7)
    at createScript (vm.js:274:10)
    at Object.runInThisContext (vm.js:326:10)
    at Module._compile (internal/modules/cjs/loader.js:664:28)
    at Object.Module._extensions..js (internal/modules/cjs/loader.js:712:10)
    at Module.load (internal/modules/cjs/loader.js:600:32)
    at tryModuleLoad (internal/modules/cjs/loader.js:539:12)
    at Function.Module._load (internal/modules/cjs/loader.js:531:3)
    at Module.require (internal/modules/cjs/loader.js:637:17)
    at require (internal/modules/cjs/helpers.js:22:18)

Error [ERR_IPC_DISCONNECTED]: IPC channel is already disconnected
    at ChildProcess.target.disconnect (internal/child_process.js:776:26)
    at StreamProcessWrapper.destroy (C:\Users\Swanton\Downloads\Pet-Mod-Palace-Server\.lib-dist\process-manager.js:214:16)
    at ChildProcess.StreamProcessWrapper.process.on (C:\Users\Swanton\Downloads\Pet-Mod-Palace-Server\.lib-dist\process-manager.js:175:9)
    at ChildProcess.emit (events.js:189:13)
    at ChildProcess.EventEmitter.emit (domain.js:441:20)
    at finish (internal/child_process.js:805:14)
    at process._tickCallback (internal/process/next_tick.js:61:11)

Error [ERR_IPC_DISCONNECTED]: IPC channel is already disconnected
    at ChildProcess.target.disconnect (internal/child_process.js:776:26)
    at QueryProcessWrapper.destroy (C:\Users\Swanton\Downloads\Pet-Mod-Palace-Server\.lib-dist\process-manager.js:111:16)
    at ChildProcess.QueryProcessWrapper.process.on (C:\Users\Swanton\Downloads\Pet-Mod-Palace-Server\.lib-dist\process-manager.js:77:9)
    at ChildProcess.emit (events.js:189:13)
    at ChildProcess.EventEmitter.emit (domain.js:441:20)
    at finish (internal/child_process.js:805:14)
    at process._tickCallback (internal/process/next_tick.js:61:11)

Error [ERR_IPC_DISCONNECTED]: IPC channel is already disconnected
    at ChildProcess.target.disconnect (internal/child_process.js:776:26)
    at QueryProcessWrapper.destroy (C:\Users\Swanton\Downloads\Pet-Mod-Palace-Server\.lib-dist\process-manager.js:111:16)
    at ChildProcess.QueryProcessWrapper.process.on (C:\Users\Swanton\Downloads\Pet-Mod-Palace-Server\.lib-dist\process-manager.js:77:9)
    at ChildProcess.emit (events.js:189:13)
    at ChildProcess.EventEmitter.emit (domain.js:441:20)
    at finish (internal/child_process.js:805:14)
    at process._tickCallback (internal/process/next_tick.js:61:11)

Error [ERR_IPC_DISCONNECTED]: IPC channel is already disconnected
    at ChildProcess.target.disconnect (internal/child_process.js:776:26)
    at QueryProcessWrapper.destroy (C:\Users\Swanton\Downloads\Pet-Mod-Palace-Server\.lib-dist\process-manager.js:111:16)
    at ChildProcess.QueryProcessWrapper.process.on (C:\Users\Swanton\Downloads\Pet-Mod-Palace-Server\.lib-dist\process-manager.js:77:9)
    at ChildProcess.emit (events.js:189:13)
    at ChildProcess.EventEmitter.emit (domain.js:441:20)
    at finish (internal/child_process.js:805:14)
    at process._tickCallback (internal/process/next_tick.js:61:11)
